Archive member included to satisfy reference by file (symbol)

/Applications/STM32CubeIDE.app/Contents/Eclipse/plugins/com.st.stm32cube.ide.mcu.externaltools.gnu-tools-for-stm32.12.3.rel1.macos64_1.0.200.202406191456/tools/bin/../lib/gcc/arm-none-eabi/12.3.1/../../../../arm-none-eabi/lib/thumb/v7e-m+fp/hard/libc_nano.a(libc_a-exit.o)
                              /Applications/STM32CubeIDE.app/Contents/Eclipse/plugins/com.st.stm32cube.ide.mcu.externaltools.gnu-tools-for-stm32.12.3.rel1.macos64_1.0.200.202406191456/tools/bin/../lib/gcc/arm-none-eabi/12.3.1/../../../../arm-none-eabi/lib/thumb/v7e-m+fp/hard/crt0.o (exit)
/Applications/STM32CubeIDE.app/Contents/Eclipse/plugins/com.st.stm32cube.ide.mcu.externaltools.gnu-tools-for-stm32.12.3.rel1.macos64_1.0.200.202406191456/tools/bin/../lib/gcc/arm-none-eabi/12.3.1/../../../../arm-none-eabi/lib/thumb/v7e-m+fp/hard/libc_nano.a(libc_a-rand.o)
                              ./BlueNRG_MS/App/app_bluenrg_ms.o (srand)
/Applications/STM32CubeIDE.app/Contents/Eclipse/plugins/com.st.stm32cube.ide.mcu.externaltools.gnu-tools-for-stm32.12.3.rel1.macos64_1.0.200.202406191456/tools/bin/../lib/gcc/arm-none-eabi/12.3.1/../../../../arm-none-eabi/lib/thumb/v7e-m+fp/hard/libc_nano.a(libc_a-findfp.o)
                              /Applications/STM32CubeIDE.app/Contents/Eclipse/plugins/com.st.stm32cube.ide.mcu.externaltools.gnu-tools-for-stm32.12.3.rel1.macos64_1.0.200.202406191456/tools/bin/../lib/gcc/arm-none-eabi/12.3.1/../../../../arm-none-eabi/lib/thumb/v7e-m+fp/hard/libc_nano.a(libc_a-exit.o) (__stdio_exit_handler)
/Applications/STM32CubeIDE.app/Contents/Eclipse/plugins/com.st.stm32cube.ide.mcu.externaltools.gnu-tools-for-stm32.12.3.rel1.macos64_1.0.200.202406191456/tools/bin/../lib/gcc/arm-none-eabi/12.3.1/../../../../arm-none-eabi/lib/thumb/v7e-m+fp/hard/libc_nano.a(libc_a-fwalk.o)
                              /Applications/STM32CubeIDE.app/Contents/Eclipse/plugins/com.st.stm32cube.ide.mcu.externaltools.gnu-tools-for-stm32.12.3.rel1.macos64_1.0.200.202406191456/tools/bin/../lib/gcc/arm-none-eabi/12.3.1/../../../../arm-none-eabi/lib/thumb/v7e-m+fp/hard/libc_nano.a(libc_a-findfp.o) (_fwalk_sglue)
/Applications/STM32CubeIDE.app/Contents/Eclipse/plugins/com.st.stm32cube.ide.mcu.externaltools.gnu-tools-for-stm32.12.3.rel1.macos64_1.0.200.202406191456/tools/bin/../lib/gcc/arm-none-eabi/12.3.1/../../../../arm-none-eabi/lib/thumb/v7e-m+fp/hard/libc_nano.a(libc_a-memset.o)
                              /Applications/STM32CubeIDE.app/Contents/Eclipse/plugins/com.st.stm32cube.ide.mcu.externaltools.gnu-tools-for-stm32.12.3.rel1.macos64_1.0.200.202406191456/tools/bin/../lib/gcc/arm-none-eabi/12.3.1/../../../../arm-none-eabi/lib/thumb/v7e-m+fp/hard/crt0.o (memset)
/Applications/STM32CubeIDE.app/Contents/Eclipse/plugins/com.st.stm32cube.ide.mcu.externaltools.gnu-tools-for-stm32.12.3.rel1.macos64_1.0.200.202406191456/tools/bin/../lib/gcc/arm-none-eabi/12.3.1/../../../../arm-none-eabi/lib/thumb/v7e-m+fp/hard/libc_nano.a(libc_a-impure.o)
                              /Applications/STM32CubeIDE.app/Contents/Eclipse/plugins/com.st.stm32cube.ide.mcu.externaltools.gnu-tools-for-stm32.12.3.rel1.macos64_1.0.200.202406191456/tools/bin/../lib/gcc/arm-none-eabi/12.3.1/../../../../arm-none-eabi/lib/thumb/v7e-m+fp/hard/libc_nano.a(libc_a-rand.o) (_impure_ptr)
/Applications/STM32CubeIDE.app/Contents/Eclipse/plugins/com.st.stm32cube.ide.mcu.externaltools.gnu-tools-for-stm32.12.3.rel1.macos64_1.0.200.202406191456/tools/bin/../lib/gcc/arm-none-eabi/12.3.1/../../../../arm-none-eabi/lib/thumb/v7e-m+fp/hard/libc_nano.a(libc_a-errno.o)
                              ./Core/Src/syscalls.o (__errno)
/Applications/STM32CubeIDE.app/Contents/Eclipse/plugins/com.st.stm32cube.ide.mcu.externaltools.gnu-tools-for-stm32.12.3.rel1.macos64_1.0.200.202406191456/tools/bin/../lib/gcc/arm-none-eabi/12.3.1/../../../../arm-none-eabi/lib/thumb/v7e-m+fp/hard/libc_nano.a(libc_a-init.o)
                              /Applications/STM32CubeIDE.app/Contents/Eclipse/plugins/com.st.stm32cube.ide.mcu.externaltools.gnu-tools-for-stm32.12.3.rel1.macos64_1.0.200.202406191456/tools/bin/../lib/gcc/arm-none-eabi/12.3.1/../../../../arm-none-eabi/lib/thumb/v7e-m+fp/hard/crt0.o (__libc_init_array)
/Applications/STM32CubeIDE.app/Contents/Eclipse/plugins/com.st.stm32cube.ide.mcu.externaltools.gnu-tools-for-stm32.12.3.rel1.macos64_1.0.200.202406191456/tools/bin/../lib/gcc/arm-none-eabi/12.3.1/../../../../arm-none-eabi/lib/thumb/v7e-m+fp/hard/libc_nano.a(libc_a-lock.o)
                              /Applications/STM32CubeIDE.app/Contents/Eclipse/plugins/com.st.stm32cube.ide.mcu.externaltools.gnu-tools-for-stm32.12.3.rel1.macos64_1.0.200.202406191456/tools/bin/../lib/gcc/arm-none-eabi/12.3.1/../../../../arm-none-eabi/lib/thumb/v7e-m+fp/hard/libc_nano.a(libc_a-findfp.o) (__retarget_lock_init_recursive)
[...]
Memory Configuration

Name             Origin             Length             Attributes
RAM              0x20000000         0x00018000         xrw
RAM2             0x10000000         0x00008000         xrw
FLASH            0x08000000         0x00100000         xr
*default*        0x00000000         0xffffffff

Linker script and memory map

LOAD /Applications/STM32CubeIDE.app/Contents/Eclipse/plugins/com.st.stm32cube.ide.mcu.externaltools.gnu-tools-for-stm32.12.3.rel1.macos64_1.0.200.202406191456/tools/bin/../lib/gcc/arm-none-eabi/12.3.1/thumb/v7e-m+fp/hard/crti.o
LOAD /Applications/STM32CubeIDE.app/Contents/Eclipse/plugins/com.st.stm32cube.ide.mcu.externaltools.gnu-tools-for-stm32.12.3.rel1.macos64_1.0.200.202406191456/tools/bin/../lib/gcc/arm-none-eabi/12.3.1/thumb/v7e-m+fp/hard/crtbegin.o
LOAD /Applications/STM32CubeIDE.app/Contents/Eclipse/plugins/com.st.stm32cube.ide.mcu.externaltools.gnu-tools-for-stm32.12.3.rel1.macos64_1.0.200.202406191456/tools/bin/../lib/gcc/arm-none-eabi/12.3.1/../../../../arm-none-eabi/lib/thumb/v7e-m+fp/hard/crt0.o
LOAD ./BlueNRG_MS/App/app_bluenrg_ms.o
LOAD ./BlueNRG_MS/App/gatt_db.o
LOAD ./BlueNRG_MS/App/sensor.o
LOAD ./BlueNRG_MS/Target/hci_tl_interface.o
LOAD ./Core/Src/freertos.o
LOAD ./Core/Src/main.o
LOAD ./Core/Src/stm32l4xx_hal_msp.o
LOAD ./Core/Src/stm32l4xx_it.o
LOAD ./Core/Src/syscalls.o
LOAD ./Core/Src/sysmem.o
LOAD ./Core/Src/system_stm32l4xx.o
LOAD ./Core/Startup/startup_stm32l475vgtx.o
LOAD ./Drivers/BSP/B-L475E-IOT01A2/b_l475e_iot01a2.o
LOAD ./Drivers/BSP/B-L475E-IOT01A2/b_l475e_iot01a2_bus.o
LOAD ./Drivers/BSP/Components/lsm6dsl/lsm6dsl.o
LOAD ./Drivers/BSP/Components/lsm6dsl/lsm6dsl_reg.o
LOAD ./Drivers/STM32L4xx_HAL_Driver/Src/stm32l4xx_hal.o
LOAD ./Drivers/STM32L4xx_HAL_Driver/Src/stm32l4xx_hal_cortex.o
LOAD ./Drivers/STM32L4xx_HAL_Driver/Src/stm32l4xx_hal_dfsdm.o
LOAD ./Drivers/STM32L4xx_HAL_Driver/Src/stm32l4xx_hal_dma.o
LOAD ./Drivers/STM32L4xx_HAL_Driver/Src/stm32l4xx_hal_dma_ex.o
LOAD ./Drivers/STM32L4xx_HAL_Driver/Src/stm32l4xx_hal_exti.o
LOAD ./Drivers/STM32L4xx_HAL_Driver/Src/stm32l4xx_hal_flash.o
LOAD ./Drivers/STM32L4xx_HAL_Driver/Src/stm32l4xx_hal_flash_ex.o
LOAD ./Drivers/STM32L4xx_HAL_Driver/Src/stm32l4xx_hal_flash_ramfunc.o
LOAD ./Drivers/STM32L4xx_HAL_Driver/Src/stm32l4xx_hal_gpio.o
LOAD ./Drivers/STM32L4xx_HAL_Driver/Src/stm32l4xx_hal_i2c.o
LOAD ./Drivers/STM32L4xx_HAL_Driver/Src/stm32l4xx_hal_i2c_ex.o
LOAD ./Drivers/STM32L4xx_HAL_Driver/Src/stm32l4xx_hal_pcd.o
LOAD ./Drivers/STM32L4xx_HAL_Driver/Src/stm32l4xx_hal_pcd_ex.o
LOAD ./Drivers/STM32L4xx_HAL_Driver/Src/stm32l4xx_hal_pwr.o
LOAD ./Drivers/STM32L4xx_HAL_Driver/Src/stm32l4xx_hal_pwr_ex.o
LOAD ./Drivers/STM32L4xx_HAL_Driver/Src/stm32l4xx_hal_qspi.o
LOAD ./Drivers/STM32L4xx_HAL_Driver/Src/stm32l4xx_hal_rcc.o
LOAD ./Drivers/STM32L4xx_HAL_Driver/Src/stm32l4xx_hal_rcc_ex.o
LOAD ./Drivers/STM32L4xx_HAL_Driver/Src/stm32l4xx_hal_spi.o
LOAD ./Drivers/STM32L4xx_HAL_Driver/Src/stm32l4xx_hal_spi_ex.o
LOAD ./Drivers/STM32L4xx_HAL_Driver/Src/stm32l4xx_hal_tim.o
LOAD ./Drivers/STM32L4xx_HAL_Driver/Src/stm32l4xx_hal_tim_ex.o
LOAD ./Drivers/STM32L4xx_HAL_Driver/Src/stm32l4xx_hal_uart.o
LOAD ./Drivers/STM32L4xx_HAL_Driver/Src/stm32l4xx_hal_uart_ex.o
LOAD ./Drivers/STM32L4xx_HAL_Driver/Src/stm32l4xx_ll_usb.o
LOAD ./Middlewares/ST/BlueNRG-MS/hci/controller/bluenrg_gap_aci.o
LOAD ./Middlewares/ST/BlueNRG-MS/hci/controller/bluenrg_gatt_aci.o
LOAD ./Middlewares/ST/BlueNRG-MS/hci/controller/bluenrg_hal_aci.o
LOAD ./Middlewares/ST/BlueNRG-MS/hci/controller/bluenrg_l2cap_aci.o
LOAD ./Middlewares/ST/BlueNRG-MS/hci/controller/bluenrg_updater_aci.o
LOAD ./Middlewares/ST/BlueNRG-MS/hci/controller/bluenrg_utils_small.o
LOAD ./Middlewares/ST/BlueNRG-MS/hci/hci_le.o
LOAD ./Middlewares/ST/BlueNRG-MS/hci/hci_tl_patterns/Basic/hci_tl.o
LOAD ./Middlewares/ST/BlueNRG-MS/utils/ble_list.o
LOAD ./Middlewares/Third_Party/FreeRTOS/Source/CMSIS_RTOS_V2/cmsis_os2.o
LOAD ./Middlewares/Third_Party/FreeRTOS/Source/croutine.o
LOAD ./Middlewares/Third_Party/FreeRTOS/Source/event_groups.o
LOAD ./Middlewares/Third_Party/FreeRTOS/Source/list.o
LOAD ./Middlewares/Third_Party/FreeRTOS/Source/queue.o
LOAD ./Middlewares/Third_Party/FreeRTOS/Source/stream_buffer.o
LOAD ./Middlewares/Third_Party/FreeRTOS/Source/tasks.o
LOAD ./Middlewares/Third_Party/FreeRTOS/Source/timers.o
LOAD ./Middlewares/Third_Party/FreeRTOS/Source/portable/GCC/ARM_CM4F/port.o
LOAD ./Middlewares/Third_Party/FreeRTOS/Source/portable/MemMang/heap_4.o
START GROUP
LOAD /Applications/STM32CubeIDE.app/Contents/Eclipse/plugins/com.st.stm32cube.ide.mcu.externaltools.gnu-tools-for-stm32.12.3.rel1.macos64_1.0.200.202406191456/tools/bin/../lib/gcc/arm-none-eabi/12.3.1/../../../../arm-none-eabi/lib/thumb/v7e-m+fp/hard/libc_nano.a
LOAD /Applications/STM32CubeIDE.app/Contents/Eclipse/plugins/com.st.stm32cube.ide.mcu.externaltools.gnu-tools-for-stm32.12.3.rel1.macos64_1.0.200.202406191456/tools/bin/../lib/gcc/arm-none-eabi/12.3.1/../../../../arm-none-eabi/lib/thumb/v7e-m+fp/hard/libm.a
END GROUP
START GROUP
LOAD /Applications/STM32CubeIDE.app/Contents/Eclipse/plugins/com.st.stm32cube.ide.mcu.externaltools.gnu-tools-for-stm32.12.3.rel1.macos64_1.0.200.202406191456/tools/bin/../lib/gcc/arm-none-eabi/12.3.1/thumb/v7e-m+fp/hard/libgcc.a
LOAD /Applications/STM32CubeIDE.app/Contents/Eclipse/plugins/com.st.stm32cube.ide.mcu.externaltools.gnu-tools-for-stm32.12.3.rel1.macos64_1.0.200.202406191456/tools/bin/../lib/gcc/arm-none-eabi/12.3.1/../../../../arm-none-eabi/lib/thumb/v7e-m+fp/hard/libc_nano.a
END GROUP
START GROUP
LOAD /Applications/STM32CubeIDE.app/Contents/Eclipse/plugins/com.st.stm32cube.ide.mcu.externaltools.gnu-tools-for-stm32.12.3.rel1.macos64_1.0.200.202406191456/tools/bin/../lib/gcc/arm-none-eabi/12.3.1/thumb/v7e-m+fp/hard/libgcc.a
LOAD /Applications/STM32CubeIDE.app/Contents/Eclipse/plugins/com.st.stm32cube.ide.mcu.externaltools.gnu-tools-for-stm32.12.3.rel1.macos64_1.0.200.202406191456/tools/bin/../lib/gcc/arm-none-eabi/12.3.1/../../../../arm-none-eabi/lib/thumb/v7e-m+fp/hard/libc_nano.a
LOAD /Applications/STM32CubeIDE.app/Contents/Eclipse/plugins/com.st.stm32cube.ide.mcu.externaltools.gnu-tools-for-stm32.12.3.rel1.macos64_1.0.200.202406191456/tools/bin/../lib/gcc/arm-none-eabi/12.3.1/../../../../arm-none-eabi/lib/thumb/v7e-m+fp/hard/libnosys.a
END GROUP
START GROUP
LOAD /Applications/STM32CubeIDE.app/Contents/Eclipse/plugins/com.st.stm32cube.ide.mcu.externaltools.gnu-tools-for-stm32.12.3.rel1.macos64_1.0.200.202406191456/tools/bin/../lib/gcc/arm-none-eabi/12.3.1/thumb/v7e-m+fp/hard/libgcc.a
LOAD /Applications/STM32CubeIDE.app/Contents/Eclipse/plugins/com.st.stm32cube.ide.mcu.externaltools.gnu-tools-for-stm32.12.3.rel1.macos64_1.0.200.202406191456/tools/bin/../lib/gcc/arm-none-eabi/12.3.1/../../../../arm-none-eabi/lib/thumb/v7e-m+fp/hard/libc_nano.a
LOAD /Applications/STM32CubeIDE.app/Contents/Eclipse/plugins/com.st.stm32cube.ide.mcu.externaltools.gnu-tools-for-stm32.12.3.rel1.macos64_1.0.200.202406191456/tools/bin/../lib/gcc/arm-none-eabi/12.3.1/../../../../arm-none-eabi/lib/thumb/v7e-m+fp/hard/libnosys.a
END GROUP
LOAD /Applications/STM32CubeIDE.app/Contents/Eclipse/plugins/com.st.stm32cube.ide.mcu.externaltools.gnu-tools-for-stm32.12.3.rel1.macos64_1.0.200.202406191456/tools/bin/../lib/gcc/arm-none-eabi/12.3.1/thumb/v7e-m+fp/hard/crtend.o
LOAD /Applications/STM32CubeIDE.app/Contents/Eclipse/plugins/com.st.stm32cube.ide.mcu.externaltools.gnu-tools-for-stm32.12.3.rel1.macos64_1.0.200.202406191456/tools/bin/../lib/gcc/arm-none-eabi/12.3.1/thumb/v7e-m+fp/hard/crtn.o
                0x20018000                        _estack = (ORIGIN (RAM) + LENGTH (RAM))
                0x00000200                        _Min_Heap_Size = 0x200
                0x00000400                        _Min_Stack_Size = 0x400

.isr_vector     0x08000000      0x188
                0x08000000                        . = ALIGN (0x4)
 *(.isr_vector)
 .isr_vector    0x08000000      0x188 ./Core/Startup/startup_stm32l475vgtx.o
                0x08000000                g_pfnVectors
                0x08000188                        . = ALIGN (0x4)

.text           0x08000190     0xd53c
                0x08000190                        . = ALIGN (0x4)
 *(.text)
 .text          0x08000190       0x40 /Applications/STM32CubeIDE.app/Contents/Eclipse/plugins/com.st.stm32cube.ide.mcu.externaltools.gnu-tools-for-stm32.12.3.rel1.macos64_1.0.200.202406191456/tools/bin/../lib/gcc/arm-none-eabi/12.3.1/thumb/v7e-m+fp/hard/crtbegin.o
 .text          0x080001d0       0x10 /Applications/STM32CubeIDE.app/Contents/Eclipse/plugins/com.st.stm32cube.ide.mcu.externaltools.gnu-tools-for-stm32.12.3.rel1.macos64_1.0.200.202406191456/tools/bin/../lib/gcc/arm-none-eabi/12.3.1/../../../../arm-none-eabi/lib/thumb/v7e-m+fp/hard/libc_nano.a(libc_a-strlen.o)
                0x080001d0                strlen
 .text          0x080001e0       0xa0 /Applications/STM32CubeIDE.app/Contents/Eclipse/plugins/com.st.stm32cube.ide.mcu.externaltools.gnu-tools-for-stm32.12.3.rel1.macos64_1.0.200.202406191456/tools/bin/../lib/gcc/arm-none-eabi/12.3.1/../../../../arm-none-eabi/lib/thumb/v7e-m+fp/hard/libc_nano.a(libc_a-memchr.o)
                0x080001e0                memchr
 .text          0x08000280       0x30 /Applications/STM32CubeIDE.app/Contents/Eclipse/plugins/com.st.stm32cube.ide.mcu.externaltools.gnu-tools-for-stm32.12.3.rel1.macos64_1.0.200.202406191456/tools/bin/../lib/gcc/arm-none-eabi/12.3.1/thumb/v7e-m+fp/hard/libgcc.a(_aeabi_uldivmod.o)
                0x08000280                __aeabi_uldivmod
 .text          0x080002b0      0x2bc /Applications/STM32CubeIDE.app/Contents/Eclipse/plugins/com.st.stm32cube.ide.mcu.externaltools.gnu-tools-for-stm32.12.3.rel1.macos64_1.0.200.202406191456/tools/bin/../lib/gcc/arm-none-eabi/12.3.1/thumb/v7e-m+fp/hard/libgcc.a(_udivmoddi4.o)
                0x080002b0                __udivmoddi4
 .text          0x0800056c        0x4 /Applications/STM32CubeIDE.app/Contents/Eclipse/plugins/com.st.stm32cube.ide.mcu.externaltools.gnu-tools-for-stm32.12.3.rel1.macos64_1.0.200.202406191456/tools/bin/../lib/gcc/arm-none-eabi/12.3.1/thumb/v7e-m+fp/hard/libgcc.a(_dvmd_tls.o)
                0x0800056c                __aeabi_ldiv0
                0x0800056c                __aeabi_idiv0
 *(.text*)
 .text.MX_BlueNRG_MS_Init
                0x08000570      0x188 ./BlueNRG_MS/App/app_bluenrg_ms.o
                0x08000570                MX_BlueNRG_MS_Init
 .text.MX_BlueNRG_MS_Process
                0x080006f8       0x10 ./BlueNRG_MS/App/app_bluenrg_ms.o
                0x080006f8                MX_BlueNRG_MS_Process
 .text.User_Init
                0x08000708       0x1c ./BlueNRG_MS/App/app_bluenrg_ms.o
 .text.User_Process
                0x08000724       0x8c ./BlueNRG_MS/App/app_bluenrg_ms.o
 .text.BSP_PB_Callback
                0x080007b0       0x20 ./BlueNRG_MS/App/app_bluenrg_ms.o
                0x080007b0                BSP_PB_Callback
 .text.Add_HWServW2ST_Service
                0x080007d0      0x10c ./BlueNRG_MS/App/gatt_db.o
                0x080007d0                Add_HWServW2ST_Service
 .text.Acc_Update
                0x080008dc      0x114 ./BlueNRG_MS/App/gatt_db.o
                0x080008dc                Acc_Update
 .text.Read_Request_CB
                0x080009f0       0x54 ./BlueNRG_MS/App/gatt_db.o
                0x080009f0                Read_Request_CB
 .text.Set_DeviceConnectable
                0x08000a44       0xe4 ./BlueNRG_MS/App/sensor.o
                0x08000a44                Set_DeviceConnectable
 .text.user_notify
                0x08000b28      0x1ec ./BlueNRG_MS/App/sensor.o
                0x08000b28                user_notify
 .text.GAP_DisconnectionComplete_CB
                0x08000d14       0x2c ./BlueNRG_MS/App/sensor.o
                0x08000d14                GAP_DisconnectionComplete_CB
 .text.GAP_ConnectionComplete_CB
                0x08000d40       0x40 ./BlueNRG_MS/App/sensor.o
                0x08000d40                GAP_ConnectionComplete_CB
 .text.update_advertising_status
                0x08000d80      0x12c ./BlueNRG_MS/App/sensor.o
                0x08000d80                update_advertising_status
 .text.check_and_advertise
                0x08000eac       0xe4 ./BlueNRG_MS/App/sensor.o
                0x08000eac                check_and_advertise
 .text.HCI_TL_SPI_Init
                0x08000f90       0x94 ./BlueNRG_MS/Target/hci_tl_interface.o
                0x08000f90                HCI_TL_SPI_Init
 .text.HCI_TL_SPI_DeInit
                0x08001024       0x30 ./BlueNRG_MS/Target/hci_tl_interface.o
                0x08001024                HCI_TL_SPI_DeInit
 .text.HCI_TL_SPI_Reset
                0x08001054       0x44 ./BlueNRG_MS/Target/hci_tl_interface.o
                0x08001054                HCI_TL_SPI_Reset
 .text.HCI_TL_SPI_Receive
                0x08001098       0xb8 ./BlueNRG_MS/Target/hci_tl_interface.o
                0x08001098                HCI_TL_SPI_Receive
 .text.HCI_TL_SPI_Send
                0x08001150       0xac ./BlueNRG_MS/Target/hci_tl_interface.o
                0x08001150                HCI_TL_SPI_Send
 .text.IsDataAvailable
                0x080011fc       0x20 ./BlueNRG_MS/Target/hci_tl_interface.o
 .text.hci_tl_lowlevel_init
                0x0800121c       0x74 ./BlueNRG_MS/Target/hci_tl_interface.o
                0x0800121c                hci_tl_lowlevel_init
 .text.hci_tl_lowlevel_isr
                0x08001290       0x22 ./BlueNRG_MS/Target/hci_tl_interface.o
                0x08001290                hci_tl_lowlevel_isr
 *fill*         0x080012b2        0x2 
 .text.main     0x080012b4       0x8c ./Core/Src/main.o
                0x080012b4                main
 .text.SystemClock_Config
                0x08001340       0xc4 ./Core/Src/main.o
                0x08001340                SystemClock_Config
 .text.MX_DFSDM1_Init
                0x08001404       0x70 ./Core/Src/main.o
 .text.MX_QUADSPI_Init
                0x08001474       0x4c ./Core/Src/main.o
 .text.MX_USART3_UART_Init
                0x080014c0       0x60 ./Core/Src/main.o
 .text.MX_USB_OTG_FS_PCD_Init
                0x08001520       0x5c ./Core/Src/main.o
 .text.MX_GPIO_Init
                0x0800157c      0x344 ./Core/Src/main.o
 .text.MEMS_Init
                0x080018c0       0x94 ./Core/Src/main.o
 .text.HAL_GPIO_EXTI_Callback
                0x08001954       0x2c ./Core/Src/main.o
                0x08001954                HAL_GPIO_EXTI_Callback
 .text.StartTASK_BLE
                0x08001980       0x18 ./Core/Src/main.o
                0x08001980                StartTASK_BLE
 .text.StartTASK_ACC
                0x08001998       0x94 ./Core/Src/main.o
                0x08001998                StartTASK_ACC
 .text.Error_Handler
                0x08001a2c       0x20 ./Core/Src/main.o
                0x08001a2c                Error_Handler
 .text.HAL_MspInit
                0x08001a4c       0x50 ./Core/Src/stm32l4xx_hal_msp.o
                0x08001a4c                HAL_MspInit
 .text.HAL_DFSDM_ChannelMspInit
                0x08001a9c       0xc8 ./Core/Src/stm32l4xx_hal_msp.o
                0x08001a9c                HAL_DFSDM_ChannelMspInit
 .text.HAL_QSPI_MspInit
                0x08001b64       0x88 ./Core/Src/stm32l4xx_hal_msp.o
                0x08001b64                HAL_QSPI_MspInit
 .text.HAL_UART_MspInit
                0x08001bec       0xbc ./Core/Src/stm32l4xx_hal_msp.o
                0x08001bec                HAL_UART_MspInit
 .text.HAL_PCD_MspInit
                0x08001ca8      0x138 ./Core/Src/stm32l4xx_hal_msp.o
                0x08001ca8                HAL_PCD_MspInit
 .text.NMI_Handler
                0x08001de0        0x8 ./Core/Src/stm32l4xx_it.o
                0x08001de0                NMI_Handler
 .text.HardFault_Handler
                0x08001de8        0x8 ./Core/Src/stm32l4xx_it.o
                0x08001de8                HardFault_Handler
 .text.MemManage_Handler
                0x08001df0        0x8 ./Core/Src/stm32l4xx_it.o
                0x08001df0                MemManage_Handler
 .text.BusFault_Handler
                0x08001df8        0x8 ./Core/Src/stm32l4xx_it.o
                0x08001df8                BusFault_Handler
 .text.UsageFault_Handler
                0x08001e00        0x8 ./Core/Src/stm32l4xx_it.o
                0x08001e00                UsageFault_Handler
 .text.DebugMon_Handler
                0x08001e08        0xe ./Core/Src/stm32l4xx_it.o
                0x08001e08                DebugMon_Handler
 .text.SysTick_Handler
                0x08001e16       0x1a ./Core/Src/stm32l4xx_it.o
                0x08001e16                SysTick_Handler
 .text.EXTI9_5_IRQHandler
                0x08001e30       0x28 ./Core/Src/stm32l4xx_it.o
                0x08001e30                EXTI9_5_IRQHandler
 .text.EXTI15_10_IRQHandler
                0x08001e58       0x34 ./Core/Src/stm32l4xx_it.o
                0x08001e58                EXTI15_10_IRQHandler
 .text._getpid  0x08001e8c       0x10 ./Core/Src/syscalls.o
                0x08001e8c                _getpid
 .text._kill    0x08001e9c       0x20 ./Core/Src/syscalls.o
                0x08001e9c                _kill
 .text._exit    0x08001ebc       0x16 ./Core/Src/syscalls.o
                0x08001ebc                _exit
 .text._read    0x08001ed2       0x3a ./Core/Src/syscalls.o
                0x08001ed2                _read
 .text._write   0x08001f0c       0x38 ./Core/Src/syscalls.o
                0x08001f0c                _write
 .text._close   0x08001f44       0x18 ./Core/Src/syscalls.o
                0x08001f44                _close
 .text._fstat   0x08001f5c       0x20 ./Core/Src/syscalls.o
                0x08001f5c                _fstat
 .text._isatty  0x08001f7c       0x16 ./Core/Src/syscalls.o
                0x08001f7c                _isatty
 .text._lseek   0x08001f92       0x1a ./Core/Src/syscalls.o
                0x08001f92                _lseek
 .text._sbrk    0x08001fac       0x6c ./Core/Src/sysmem.o
                0x08001fac                _sbrk
 .text.SystemInit
                0x08002018       0x24 ./Core/Src/system_stm32l4xx.o
                0x08002018                SystemInit
 .text.Reset_Handler
                0x0800203c       0x50 ./Core/Startup/startup_stm32l475vgtx.o
                0x0800203c                Reset_Handler
 .text.Default_Handler
                0x0800208c        0x2 ./Core/Startup/startup_stm32l475vgtx.o
                0x0800208c                TIM1_BRK_TIM15_IRQHandler
                0x0800208c                EXTI2_IRQHandler
                0x0800208c                TIM8_TRG_COM_IRQHandler
                0x0800208c                TIM8_CC_IRQHandler
                0x0800208c                TIM1_CC_IRQHandler
                0x0800208c                TSC_IRQHandler
                0x0800208c                TAMP_STAMP_IRQHandler
                0x0800208c                EXTI3_IRQHandler
                0x0800208c                LPTIM2_IRQHandler
                0x0800208c                DFSDM1_FLT1_IRQHandler
                0x0800208c                I2C3_ER_IRQHandler
                0x0800208c                DFSDM1_FLT2_IRQHandler
                0x0800208c                EXTI0_IRQHandler
                0x0800208c                I2C2_EV_IRQHandler
                0x0800208c                CAN1_RX0_IRQHandler
                0x0800208c                FPU_IRQHandler
                0x0800208c                TIM1_UP_TIM16_IRQHandler
                0x0800208c                ADC1_2_IRQHandler
                0x0800208c                SPI1_IRQHandler
                0x0800208c                TIM6_DAC_IRQHandler
                0x0800208c                TIM8_UP_IRQHandler
                0x0800208c                DMA2_Channel2_IRQHandler
                0x0800208c                DMA1_Channel4_IRQHandler
                0x0800208c                SAI2_IRQHandler
                0x0800208c                DFSDM1_FLT3_IRQHandler
                0x0800208c                USART3_IRQHandler
                0x0800208c                DMA1_Channel7_IRQHandler
                0x0800208c                CAN1_RX1_IRQHandler
                0x0800208c                UART5_IRQHandler
                0x0800208c                ADC3_IRQHandler
                0x0800208c                TIM4_IRQHandler
                0x0800208c                DMA2_Channel1_IRQHandler
                0x0800208c                QUADSPI_IRQHandler
                0x0800208c                I2C1_EV_IRQHandler
                0x0800208c                DMA1_Channel6_IRQHandler
                0x0800208c                UART4_IRQHandler
                0x0800208c                DMA2_Channel4_IRQHandler
                0x0800208c                TIM3_IRQHandler
                0x0800208c                RCC_IRQHandler
                0x0800208c                DMA1_Channel1_IRQHandler
                0x0800208c                Default_Handler
                0x0800208c                DMA2_Channel7_IRQHandler
                0x0800208c                TIM7_IRQHandler
                0x0800208c                SDMMC1_IRQHandler
                0x0800208c                TIM5_IRQHandler
                0x0800208c                I2C3_EV_IRQHandler
                0x0800208c                RTC_WKUP_IRQHandler
                0x0800208c                PVD_PVM_IRQHandler
                0x0800208c                SPI2_IRQHandler
                0x0800208c                CAN1_TX_IRQHandler
                0x0800208c                DMA2_Channel5_IRQHandler
                0x0800208c                DMA1_Channel5_IRQHandler
                0x0800208c                EXTI4_IRQHandler
                0x0800208c                RNG_IRQHandler
                0x0800208c                TIM1_TRG_COM_TIM17_IRQHandler
                0x0800208c                DMA1_Channel3_IRQHandler
                0x0800208c                COMP_IRQHandler
                0x0800208c                WWDG_IRQHandler
                0x0800208c                LPUART1_IRQHandler
                0x0800208c                DMA2_Channel6_IRQHandler
                0x0800208c                TIM2_IRQHandler
                0x0800208c                EXTI1_IRQHandler
                0x0800208c                USART2_IRQHandler
                0x0800208c                DFSDM1_FLT0_IRQHandler
                0x0800208c                I2C2_ER_IRQHandler
                0x0800208c                DMA1_Channel2_IRQHandler
                0x0800208c                TIM8_BRK_IRQHandler
                0x0800208c                CAN1_SCE_IRQHandler
                0x0800208c                FLASH_IRQHandler
                0x0800208c                USART1_IRQHandler
                0x0800208c                OTG_FS_IRQHandler
                0x0800208c                SPI3_IRQHandler
                0x0800208c                I2C1_ER_IRQHandler
                0x0800208c                FMC_IRQHandler
                0x0800208c                SWPMI1_IRQHandler
                0x0800208c                LPTIM1_IRQHandler
                0x0800208c                SAI1_IRQHandler
                0x0800208c                DMA2_Channel3_IRQHandler
                0x0800208c                RTC_Alarm_IRQHandler
 *fill*         0x0800208e        0x2 
 .text.BSP_LED_Init
                0x08002090       0x24 ./Drivers/BSP/B-L475E-IOT01A2/b_l475e_iot01a2.o
                0x08002090                BSP_LED_Init
 .text.BSP_LED_Toggle
                0x080020b4       0x2c ./Drivers/BSP/B-L475E-IOT01A2/b_l475e_iot01a2.o
                0x080020b4                BSP_LED_Toggle
 .text.LED_USER_GPIO_Init
                0x080020e0       0x80 ./Drivers/BSP/B-L475E-IOT01A2/b_l475e_iot01a2.o
 .text.BSP_PB_Init
                0x08002160       0xa8 ./Drivers/BSP/B-L475E-IOT01A2/b_l475e_iot01a2.o
                0x08002160                BSP_PB_Init
 .text.BSP_PB_GetState
                0x08002208       0x38 ./Drivers/BSP/B-L475E-IOT01A2/b_l475e_iot01a2.o
                0x08002208                BSP_PB_GetState
 .text.BUTTON_USER_EXTI_Callback
                0x08002240        0xe ./Drivers/BSP/B-L475E-IOT01A2/b_l475e_iot01a2.o
 *fill*         0x0800224e        0x2 
 .text.BUTTON_USER_GPIO_Init
                0x08002250       0x74 ./Drivers/BSP/B-L475E-IOT01A2/b_l475e_iot01a2.o
 .text.BSP_COM_Init
                0x080022c4       0x7c ./Drivers/BSP/B-L475E-IOT01A2/b_l475e_iot01a2.o
                0x080022c4                BSP_COM_Init
 .text.MX_USART1_UART_Init
                0x08002340       0x68 ./Drivers/BSP/B-L475E-IOT01A2/b_l475e_iot01a2.o
                0x08002340                MX_USART1_UART_Init
 .text.__io_putchar
                0x080023a8       0x38 ./Drivers/BSP/B-L475E-IOT01A2/b_l475e_iot01a2.o
                0x080023a8                __io_putchar
 .text.USART1_MspInit
                0x080023e0       0xbc ./Drivers/BSP/B-L475E-IOT01A2/b_l475e_iot01a2.o
 .text.BSP_SPI3_Init
                0x0800249c       0x60 ./Drivers/BSP/B-L475E-IOT01A2/b_l475e_iot01a2_bus.o
                0x0800249c                BSP_SPI3_Init
 .text.BSP_SPI3_SendRecv
                0x080024fc       0x40 ./Drivers/BSP/B-L475E-IOT01A2/b_l475e_iot01a2_bus.o
                0x080024fc                BSP_SPI3_SendRecv
 .text.BSP_I2C2_Init
                0x0800253c       0x7c ./Drivers/BSP/B-L475E-IOT01A2/b_l475e_iot01a2_bus.o
                0x0800253c                BSP_I2C2_Init
 .text.BSP_I2C2_DeInit
                0x080025b8       0x50 ./Drivers/BSP/B-L475E-IOT01A2/b_l475e_iot01a2_bus.o
                0x080025b8                BSP_I2C2_DeInit
 .text.BSP_I2C2_WriteReg
                0x08002608       0x64 ./Drivers/BSP/B-L475E-IOT01A2/b_l475e_iot01a2_bus.o
                0x08002608                BSP_I2C2_WriteReg
 .text.BSP_I2C2_ReadReg
                0x0800266c       0x64 ./Drivers/BSP/B-L475E-IOT01A2/b_l475e_iot01a2_bus.o
                0x0800266c                BSP_I2C2_ReadReg
 .text.BSP_GetTick
                0x080026d0        0xe ./Drivers/BSP/B-L475E-IOT01A2/b_l475e_iot01a2_bus.o
                0x080026d0                BSP_GetTick
 *fill*         0x080026de        0x2 
 .text.MX_SPI3_Init
                0x080026e0       0x84 ./Drivers/BSP/B-L475E-IOT01A2/b_l475e_iot01a2_bus.o
                0x080026e0                MX_SPI3_Init
 .text.SPI3_MspInit
                0x08002764       0xb0 ./Drivers/BSP/B-L475E-IOT01A2/b_l475e_iot01a2_bus.o
 .text.MX_I2C2_Init
                0x08002814       0x88 ./Drivers/BSP/B-L475E-IOT01A2/b_l475e_iot01a2_bus.o
                0x08002814                MX_I2C2_Init
 .text.I2C2_MspInit
                0x0800289c       0xc0 ./Drivers/BSP/B-L475E-IOT01A2/b_l475e_iot01a2_bus.o
 .text.I2C2_MspDeInit
                0x0800295c       0x38 ./Drivers/BSP/B-L475E-IOT01A2/b_l475e_iot01a2_bus.o
 .text.LSM6DSL_RegisterBusIO
                0x08002994       0xd4 ./Drivers/BSP/Components/lsm6dsl/lsm6dsl.o
                0x08002994                LSM6DSL_RegisterBusIO
 .text.LSM6DSL_Init
                0x08002a68       0xd2 ./Drivers/BSP/Components/lsm6dsl/lsm6dsl.o
                0x08002a68                LSM6DSL_Init
 .text.LSM6DSL_ReadID
                0x08002b3a       0x2c ./Drivers/BSP/Components/lsm6dsl/lsm6dsl.o
                0x08002b3a                LSM6DSL_ReadID
 .text.LSM6DSL_ACC_Enable
                0x08002b66       0x48 ./Drivers/BSP/Components/lsm6dsl/lsm6dsl.o
                0x08002b66                LSM6DSL_ACC_Enable
 *fill*         0x08002bae        0x2 
 .text.LSM6DSL_ACC_GetSensitivity
                0x08002bb0       0x8c ./Drivers/BSP/Components/lsm6dsl/lsm6dsl.o
                0x08002bb0                LSM6DSL_ACC_GetSensitivity
 .text.LSM6DSL_ACC_SetOutputDataRate
                0x08002c3c       0x38 ./Drivers/BSP/Components/lsm6dsl/lsm6dsl.o
                0x08002c3c                LSM6DSL_ACC_SetOutputDataRate
 .text.LSM6DSL_ACC_SetFullScale
                0x08002c74       0x50 ./Drivers/BSP/Components/lsm6dsl/lsm6dsl.o
                0x08002c74                LSM6DSL_ACC_SetFullScale
 .text.LSM6DSL_ACC_GetAxesRaw
                0x08002cc4       0x48 ./Drivers/BSP/Components/lsm6dsl/lsm6dsl.o
                0x08002cc4                LSM6DSL_ACC_GetAxesRaw
 .text.LSM6DSL_ACC_GetAxes
                0x08002d0c       0xae ./Drivers/BSP/Components/lsm6dsl/lsm6dsl.o
                0x08002d0c                LSM6DSL_ACC_GetAxes
 .text.LSM6DSL_Write_Reg
                0x08002dba       0x36 ./Drivers/BSP/Components/lsm6dsl/lsm6dsl.o
                0x08002dba                LSM6DSL_Write_Reg
 .text.LSM6DSL_ACC_Set_INT1_DRDY
                0x08002df0       0x68 ./Drivers/BSP/Components/lsm6dsl/lsm6dsl.o
                0x08002df0                LSM6DSL_ACC_Set_INT1_DRDY
 .text.LSM6DSL_ACC_SetOutputDataRate_When_Enabled
                0x08002e58      0x118 ./Drivers/BSP/Components/lsm6dsl/lsm6dsl.o
 .text.LSM6DSL_ACC_SetOutputDataRate_When_Disabled
                0x08002f70      0x104 ./Drivers/BSP/Components/lsm6dsl/lsm6dsl.o
 .text.ReadRegWrap
                0x08003074       0x36 ./Drivers/BSP/Components/lsm6dsl/lsm6dsl.o
 .text.WriteRegWrap
                0x080030aa       0x36 ./Drivers/BSP/Components/lsm6dsl/lsm6dsl.o
 .text.lsm6dsl_read_reg
                0x080030e0       0x30 ./Drivers/BSP/Components/lsm6dsl/lsm6dsl_reg.o
                0x080030e0                lsm6dsl_read_reg
 .text.lsm6dsl_write_reg
                0x08003110       0x30 ./Drivers/BSP/Components/lsm6dsl/lsm6dsl_reg.o
                0x08003110                lsm6dsl_write_reg
 .text.lsm6dsl_xl_full_scale_set
                0x08003140       0x4c ./Drivers/BSP/Components/lsm6dsl/lsm6dsl_reg.o
                0x08003140                lsm6dsl_xl_full_scale_set
 .text.lsm6dsl_xl_full_scale_get
                0x0800318c       0x70 ./Drivers/BSP/Components/lsm6dsl/lsm6dsl_reg.o
                0x0800318c                lsm6dsl_xl_full_scale_get
 .text.lsm6dsl_xl_data_rate_set
                0x080031fc       0x4c ./Drivers/BSP/Components/lsm6dsl/lsm6dsl_reg.o
                0x080031fc                lsm6dsl_xl_data_rate_set
 .text.lsm6dsl_gy_full_scale_set
                0x08003248       0x4c ./Drivers/BSP/Components/lsm6dsl/lsm6dsl_reg.o
                0x08003248                lsm6dsl_gy_full_scale_set
 .text.lsm6dsl_gy_data_rate_set
                0x08003294       0x4c ./Drivers/BSP/Components/lsm6dsl/lsm6dsl_reg.o
                0x08003294                lsm6dsl_gy_data_rate_set
 .text.lsm6dsl_block_data_update_set
                0x080032e0       0x4c ./Drivers/BSP/Components/lsm6dsl/lsm6dsl_reg.o
                0x080032e0                lsm6dsl_block_data_update_set
 .text.lsm6dsl_acceleration_raw_get
                0x0800332c       0x90 ./Drivers/BSP/Components/lsm6dsl/lsm6dsl_reg.o
                0x0800332c                lsm6dsl_acceleration_raw_get
 .text.lsm6dsl_device_id_get
                0x080033bc       0x22 ./Drivers/BSP/Components/lsm6dsl/lsm6dsl_reg.o
                0x080033bc                lsm6dsl_device_id_get
 .text.lsm6dsl_auto_increment_set
                0x080033de       0x4c ./Drivers/BSP/Components/lsm6dsl/lsm6dsl_reg.o
                0x080033de                lsm6dsl_auto_increment_set
 .text.lsm6dsl_pin_int1_route_set
                0x0800342a      0x2c6 ./Drivers/BSP/Components/lsm6dsl/lsm6dsl_reg.o
                0x0800342a                lsm6dsl_pin_int1_route_set
 .text.lsm6dsl_pin_int1_route_get
                0x080036f0      0x1ac ./Drivers/BSP/Components/lsm6dsl/lsm6dsl_reg.o
                0x080036f0                lsm6dsl_pin_int1_route_get
 .text.lsm6dsl_fifo_mode_set
                0x0800389c       0x4c ./Drivers/BSP/Components/lsm6dsl/lsm6dsl_reg.o
                0x0800389c                lsm6dsl_fifo_mode_set
 .text.HAL_Init
                0x080038e8       0x30 ./Drivers/STM32L4xx_HAL_Driver/Src/stm32l4xx_hal.o
                0x080038e8                HAL_Init
 .text.HAL_InitTick
                0x08003918       0x78 ./Drivers/STM32L4xx_HAL_Driver/Src/stm32l4xx_hal.o
                0x08003918                HAL_InitTick
 .text.HAL_IncTick
                0x08003990       0x28 ./Drivers/STM32L4xx_HAL_Driver/Src/stm32l4xx_hal.o
                0x08003990                HAL_IncTick
 .text.HAL_GetTick
                0x080039b8       0x18 ./Drivers/STM32L4xx_HAL_Driver/Src/stm32l4xx_hal.o
                0x080039b8                HAL_GetTick
 .text.HAL_Delay
                0x080039d0       0x48 ./Drivers/STM32L4xx_HAL_Driver/Src/stm32l4xx_hal.o
                0x080039d0                HAL_Delay
 .text.__NVIC_SetPriorityGrouping
                0x08003a18       0x48 ./Drivers/STM32L4xx_HAL_Driver/Src/stm32l4xx_hal_cortex.o
 .text.__NVIC_GetPriorityGrouping
                0x08003a60       0x1c ./Drivers/STM32L4xx_HAL_Driver/Src/stm32l4xx_hal_cortex.o
 .text.__NVIC_EnableIRQ
                0x08003a7c       0x3c ./Drivers/STM32L4xx_HAL_Driver/Src/stm32l4xx_hal_cortex.o
 .text.__NVIC_SetPriority
                0x08003ab8       0x54 ./Drivers/STM32L4xx_HAL_Driver/Src/stm32l4xx_hal_cortex.o
 .text.NVIC_EncodePriority
                0x08003b0c       0x66 ./Drivers/STM32L4xx_HAL_Driver/Src/stm32l4xx_hal_cortex.o
 *fill*         0x08003b72        0x2 
 .text.SysTick_Config
                0x08003b74       0x44 ./Drivers/STM32L4xx_HAL_Driver/Src/stm32l4xx_hal_cortex.o
 .text.HAL_NVIC_SetPriorityGrouping
                0x08003bb8       0x16 ./Drivers/STM32L4xx_HAL_Driver/Src/stm32l4xx_hal_cortex.o
                0x08003bb8                HAL_NVIC_SetPriorityGrouping
 .text.HAL_NVIC_SetPriority
                0x08003bce       0x38 ./Drivers/STM32L4xx_HAL_Driver/Src/stm32l4xx_hal_cortex.o
                0x08003bce                HAL_NVIC_SetPriority
 .text.HAL_NVIC_EnableIRQ
                0x08003c06       0x1c ./Drivers/STM32L4xx_HAL_Driver/Src/stm32l4xx_hal_cortex.o
                0x08003c06                HAL_NVIC_EnableIRQ
 .text.HAL_SYSTICK_Config
                0x08003c22       0x18 ./Drivers/STM32L4xx_HAL_Driver/Src/stm32l4xx_hal_cortex.o
                0x08003c22                HAL_SYSTICK_Config
 *fill*         0x08003c3a        0x2 
 .text.HAL_DFSDM_ChannelInit
                0x08003c3c      0x180 ./Drivers/STM32L4xx_HAL_Driver/Src/stm32l4xx_hal_dfsdm.o
                0x08003c3c                HAL_DFSDM_ChannelInit
 .text.DFSDM_GetChannelFromInstance
                0x08003dbc       0x98 ./Drivers/STM32L4xx_HAL_Driver/Src/stm32l4xx_hal_dfsdm.o
 .text.HAL_EXTI_RegisterCallback
                0x08003e54       0x34 ./Drivers/STM32L4xx_HAL_Driver/Src/stm32l4xx_hal_exti.o
                0x08003e54                HAL_EXTI_RegisterCallback
 .text.HAL_EXTI_GetHandle
                0x08003e88       0x28 ./Drivers/STM32L4xx_HAL_Driver/Src/stm32l4xx_hal_exti.o
                0x08003e88                HAL_EXTI_GetHandle
 .text.HAL_EXTI_IRQHandler
                0x08003eb0       0x60 ./Drivers/STM32L4xx_HAL_Driver/Src/stm32l4xx_hal_exti.o
                0x08003eb0                HAL_EXTI_IRQHandler
 .text.HAL_GPIO_Init
                0x08003f10      0x354 ./Drivers/STM32L4xx_HAL_Driver/Src/stm32l4xx_hal_gpio.o
                0x08003f10                HAL_GPIO_Init
 .text.HAL_GPIO_DeInit
                0x08004264      0x1e8 ./Drivers/STM32L4xx_HAL_Driver/Src/stm32l4xx_hal_gpio.o
                0x08004264                HAL_GPIO_DeInit
 .text.HAL_GPIO_ReadPin
                0x0800444c       0x30 ./Drivers/STM32L4xx_HAL_Driver/Src/stm32l4xx_hal_gpio.o
                0x0800444c                HAL_GPIO_ReadPin
 .text.HAL_GPIO_WritePin
                0x0800447c       0x30 ./Drivers/STM32L4xx_HAL_Driver/Src/stm32l4xx_hal_gpio.o
                0x0800447c                HAL_GPIO_WritePin
 .text.HAL_GPIO_TogglePin
                0x080044ac       0x34 ./Drivers/STM32L4xx_HAL_Driver/Src/stm32l4xx_hal_gpio.o
                0x080044ac                HAL_GPIO_TogglePin
 .text.HAL_GPIO_EXTI_IRQHandler
                0x080044e0       0x30 ./Drivers/STM32L4xx_HAL_Driver/Src/stm32l4xx_hal_gpio.o
                0x080044e0                HAL_GPIO_EXTI_IRQHandler
 .text.HAL_I2C_Init
                0x08004510      0x136 ./Drivers/STM32L4xx_HAL_Driver/Src/stm32l4xx_hal_i2c.o
                0x08004510                HAL_I2C_Init
 .text.HAL_I2C_DeInit
                0x08004646       0x5e ./Drivers/STM32L4xx_HAL_Driver/Src/stm32l4xx_hal_i2c.o
                0x08004646                HAL_I2C_DeInit
 .text.HAL_I2C_MspInit
                0x080046a4       0x14 ./Drivers/STM32L4xx_HAL_Driver/Src/stm32l4xx_hal_i2c.o
                0x080046a4                HAL_I2C_MspInit
 .text.HAL_I2C_MspDeInit
                0x080046b8       0x14 ./Drivers/STM32L4xx_HAL_Driver/Src/stm32l4xx_hal_i2c.o
                0x080046b8                HAL_I2C_MspDeInit
 .text.HAL_I2C_Mem_Write
                0x080046cc      0x228 ./Drivers/STM32L4xx_HAL_Driver/Src/stm32l4xx_hal_i2c.o
                0x080046cc                HAL_I2C_Mem_Write
 .text.HAL_I2C_Mem_Read
                0x080048f4      0x234 ./Drivers/STM32L4xx_HAL_Driver/Src/stm32l4xx_hal_i2c.o
                0x080048f4                HAL_I2C_Mem_Read
 .text.HAL_I2C_GetState
                0x08004b28       0x1c ./Drivers/STM32L4xx_HAL_Driver/Src/stm32l4xx_hal_i2c.o
                0x08004b28                HAL_I2C_GetState
 .text.HAL_I2C_GetError
                0x08004b44       0x18 ./Drivers/STM32L4xx_HAL_Driver/Src/stm32l4xx_hal_i2c.o
                0x08004b44                HAL_I2C_GetError
 .text.I2C_RequestMemoryWrite
                0x08004b5c       0xa8 ./Drivers/STM32L4xx_HAL_Driver/Src/stm32l4xx_hal_i2c.o
 .text.I2C_RequestMemoryRead
                0x08004c04       0xa8 ./Drivers/STM32L4xx_HAL_Driver/Src/stm32l4xx_hal_i2c.o
 .text.I2C_Flush_TXDR
                0x08004cac       0x48 ./Drivers/STM32L4xx_HAL_Driver/Src/stm32l4xx_hal_i2c.o
 .text.I2C_WaitOnFlagUntilTimeout
                0x08004cf4       0xb2 ./Drivers/STM32L4xx_HAL_Driver/Src/stm32l4xx_hal_i2c.o
 .text.I2C_WaitOnTXISFlagUntilTimeout
                0x08004da6       0x8e ./Drivers/STM32L4xx_HAL_Driver/Src/stm32l4xx_hal_i2c.o
 .text.I2C_WaitOnSTOPFlagUntilTimeout
                0x08004e34       0x86 ./Drivers/STM32L4xx_HAL_Driver/Src/stm32l4xx_hal_i2c.o
 *fill*         0x08004eba        0x2 
 .text.I2C_IsErrorOccurred
                0x08004ebc      0x1c0 ./Drivers/STM32L4xx_HAL_Driver/Src/stm32l4xx_hal_i2c.o
 .text.I2C_TransferConfig
                0x0800507c       0x64 ./Drivers/STM32L4xx_HAL_Driver/Src/stm32l4xx_hal_i2c.o
 .text.HAL_I2CEx_ConfigAnalogFilter
                0x080050e0       0x96 ./Drivers/STM32L4xx_HAL_Driver/Src/stm32l4xx_hal_i2c_ex.o
                0x080050e0                HAL_I2CEx_ConfigAnalogFilter
 .text.HAL_I2CEx_ConfigDigitalFilter
                0x08005176       0x98 ./Drivers/STM32L4xx_HAL_Driver/Src/stm32l4xx_hal_i2c_ex.o
                0x08005176                HAL_I2CEx_ConfigDigitalFilter
 .text.HAL_PCD_Init
                0x0800520e      0x21e ./Drivers/STM32L4xx_HAL_Driver/Src/stm32l4xx_hal_pcd.o
                0x0800520e                HAL_PCD_Init
 .text.HAL_PCDEx_ActivateLPM
                0x0800542c       0x48 ./Drivers/STM32L4xx_HAL_Driver/Src/stm32l4xx_hal_pcd_ex.o
                0x0800542c                HAL_PCDEx_ActivateLPM
 .text.HAL_PWR_EnableBkUpAccess
                0x08005474       0x20 ./Drivers/STM32L4xx_HAL_Driver/Src/stm32l4xx_hal_pwr.o
                0x08005474                HAL_PWR_EnableBkUpAccess
 .text.HAL_PWREx_GetVoltageRange
                0x08005494       0x1c ./Drivers/STM32L4xx_HAL_Driver/Src/stm32l4xx_hal_pwr_ex.o
                0x08005494                HAL_PWREx_GetVoltageRange
 .text.HAL_PWREx_ControlVoltageScaling
                0x080054b0       0xac ./Drivers/STM32L4xx_HAL_Driver/Src/stm32l4xx_hal_pwr_ex.o
                0x080054b0                HAL_PWREx_ControlVoltageScaling
 .text.HAL_PWREx_EnableVddUSB
                0x0800555c       0x20 ./Drivers/STM32L4xx_HAL_Driver/Src/stm32l4xx_hal_pwr_ex.o
                0x0800555c                HAL_PWREx_EnableVddUSB
 .text.HAL_QSPI_Init
                0x0800557c       0xec ./Drivers/STM32L4xx_HAL_Driver/Src/stm32l4xx_hal_qspi.o
                0x0800557c                HAL_QSPI_Init
 .text.HAL_QSPI_SetTimeout
                0x08005668       0x1c ./Drivers/STM32L4xx_HAL_Driver/Src/stm32l4xx_hal_qspi.o
                0x08005668                HAL_QSPI_SetTimeout
 .text.QSPI_WaitFlagStateUntilTimeout
                0x08005684       0x6e ./Drivers/STM32L4xx_HAL_Driver/Src/stm32l4xx_hal_qspi.o
 *fill*         0x080056f2        0x2 
 .text.HAL_RCC_OscConfig
                0x080056f4      0x7b8 ./Drivers/STM32L4xx_HAL_Driver/Src/stm32l4xx_hal_rcc.o
                0x080056f4                HAL_RCC_OscConfig
 .text.HAL_RCC_ClockConfig
                0x08005eac      0x200 ./Drivers/STM32L4xx_HAL_Driver/Src/stm32l4xx_hal_rcc.o
                0x08005eac                HAL_RCC_ClockConfig
 .text.HAL_RCC_GetSysClockFreq
                0x080060ac      0x118 ./Drivers/STM32L4xx_HAL_Driver/Src/stm32l4xx_hal_rcc.o
                0x080060ac                HAL_RCC_GetSysClockFreq
 .text.HAL_RCC_GetHCLKFreq
                0x080061c4       0x18 ./Drivers/STM32L4xx_HAL_Driver/Src/stm32l4xx_hal_rcc.o
                0x080061c4                HAL_RCC_GetHCLKFreq
 .text.HAL_RCC_GetPCLK1Freq
                0x080061dc       0x2c ./Drivers/STM32L4xx_HAL_Driver/Src/stm32l4xx_hal_rcc.o
                0x080061dc                HAL_RCC_GetPCLK1Freq
 .text.HAL_RCC_GetPCLK2Freq
                0x08006208       0x2c ./Drivers/STM32L4xx_HAL_Driver/Src/stm32l4xx_hal_rcc.o
                0x08006208                HAL_RCC_GetPCLK2Freq
 .text.RCC_SetFlashLatencyFromMSIRange
                0x08006234       0xc0 ./Drivers/STM32L4xx_HAL_Driver/Src/stm32l4xx_hal_rcc.o
 .text.HAL_RCCEx_PeriphCLKConfig
                0x080062f4      0x5d4 ./Drivers/STM32L4xx_HAL_Driver/Src/stm32l4xx_hal_rcc_ex.o
                0x080062f4                HAL_RCCEx_PeriphCLKConfig
 .text.HAL_RCCEx_EnableMSIPLLMode
                0x080068c8       0x20 ./Drivers/STM32L4xx_HAL_Driver/Src/stm32l4xx_hal_rcc_ex.o
                0x080068c8                HAL_RCCEx_EnableMSIPLLMode
 .text.RCCEx_PLLSAI1_Config
                0x080068e8      0x1e8 ./Drivers/STM32L4xx_HAL_Driver/Src/stm32l4xx_hal_rcc_ex.o
 .text.RCCEx_PLLSAI2_Config
                0x08006ad0      0x1bc ./Drivers/STM32L4xx_HAL_Driver/Src/stm32l4xx_hal_rcc_ex.o
 .text.HAL_SPI_Init
                0x08006c8c      0x146 ./Drivers/STM32L4xx_HAL_Driver/Src/stm32l4xx_hal_spi.o
                0x08006c8c                HAL_SPI_Init
 .text.HAL_SPI_MspInit
                0x08006dd2       0x14 ./Drivers/STM32L4xx_HAL_Driver/Src/stm32l4xx_hal_spi.o
                0x08006dd2                HAL_SPI_MspInit
 .text.HAL_SPI_TransmitReceive
                0x08006de6      0x43e ./Drivers/STM32L4xx_HAL_Driver/Src/stm32l4xx_hal_spi.o
                0x08006de6                HAL_SPI_TransmitReceive
 .text.HAL_SPI_GetState
                0x08007224       0x1c ./Drivers/STM32L4xx_HAL_Driver/Src/stm32l4xx_hal_spi.o
                0x08007224                HAL_SPI_GetState
 .text.SPI_WaitFlagStateUntilTimeout
                0x08007240      0x110 ./Drivers/STM32L4xx_HAL_Driver/Src/stm32l4xx_hal_spi.o
 .text.SPI_WaitFifoStateUntilTimeout
                0x08007350      0x12c ./Drivers/STM32L4xx_HAL_Driver/Src/stm32l4xx_hal_spi.o
 .text.SPI_EndRxTxTransaction
                0x0800747c       0x8c ./Drivers/STM32L4xx_HAL_Driver/Src/stm32l4xx_hal_spi.o
 .text.HAL_UART_Init
                0x08007508       0x9c ./Drivers/STM32L4xx_HAL_Driver/Src/stm32l4xx_hal_uart.o
                0x08007508                HAL_UART_Init
 .text.HAL_UART_Transmit
                0x080075a4      0x112 ./Drivers/STM32L4xx_HAL_Driver/Src/stm32l4xx_hal_uart.o
                0x080075a4                HAL_UART_Transmit
 *fill*         0x080076b6        0x2 
 .text.UART_SetConfig
                0x080076b8      0x570 ./Drivers/STM32L4xx_HAL_Driver/Src/stm32l4xx_hal_uart.o
                0x080076b8                UART_SetConfig
 .text.UART_AdvFeatureConfig
                0x08007c28      0x144 ./Drivers/STM32L4xx_HAL_Driver/Src/stm32l4xx_hal_uart.o
                0x08007c28                UART_AdvFeatureConfig
 .text.UART_CheckIdleState
                0x08007d6c      0x150 ./Drivers/STM32L4xx_HAL_Driver/Src/stm32l4xx_hal_uart.o
                0x08007d6c                UART_CheckIdleState
 .text.UART_WaitOnFlagUntilTimeout
                0x08007ebc       0xda ./Drivers/STM32L4xx_HAL_Driver/Src/stm32l4xx_hal_uart.o
                0x08007ebc                UART_WaitOnFlagUntilTimeout
 .text.UART_EndRxTransfer
                0x08007f96       0xc8 ./Drivers/STM32L4xx_HAL_Driver/Src/stm32l4xx_hal_uart.o
 .text.USB_CoreInit
                0x0800805e       0x5a ./Drivers/STM32L4xx_HAL_Driver/Src/stm32l4xx_ll_usb.o
                0x0800805e                USB_CoreInit
 .text.USB_DisableGlobalInt
                0x080080b8       0x22 ./Drivers/STM32L4xx_HAL_Driver/Src/stm32l4xx_ll_usb.o
                0x080080b8                USB_DisableGlobalInt
 .text.USB_SetCurrentMode
                0x080080da       0x98 ./Drivers/STM32L4xx_HAL_Driver/Src/stm32l4xx_ll_usb.o
                0x080080da                USB_SetCurrentMode
 *fill*         0x08008172        0x2 
 .text.USB_DevInit
                0x08008174      0x290 ./Drivers/STM32L4xx_HAL_Driver/Src/stm32l4xx_ll_usb.o
                0x08008174                USB_DevInit
 .text.USB_FlushTxFifo
                0x08008404       0x64 ./Drivers/STM32L4xx_HAL_Driver/Src/stm32l4xx_ll_usb.o
                0x08008404                USB_FlushTxFifo
 .text.USB_FlushRxFifo
                0x08008468       0x5c ./Drivers/STM32L4xx_HAL_Driver/Src/stm32l4xx_ll_usb.o
                0x08008468                USB_FlushRxFifo
 .text.USB_SetDevSpeed
                0x080084c4       0x32 ./Drivers/STM32L4xx_HAL_Driver/Src/stm32l4xx_ll_usb.o
                0x080084c4                USB_SetDevSpeed
 .text.USB_DevDisconnect
                0x080084f6       0x42 ./Drivers/STM32L4xx_HAL_Driver/Src/stm32l4xx_ll_usb.o
                0x080084f6                USB_DevDisconnect
 .text.USB_GetMode
                0x08008538       0x1c ./Drivers/STM32L4xx_HAL_Driver/Src/stm32l4xx_ll_usb.o
                0x08008538                USB_GetMode
 .text.USB_CoreReset
                0x08008554       0x62 ./Drivers/STM32L4xx_HAL_Driver/Src/stm32l4xx_ll_usb.o
 .text.aci_gap_init_IDB05A1
                0x080085b6       0xa0 ./Middlewares/ST/BlueNRG-MS/hci/controller/bluenrg_gap_aci.o
                0x080085b6                aci_gap_init_IDB05A1
 .text.aci_gap_init_IDB04A1
                0x08008656       0x94 ./Middlewares/ST/BlueNRG-MS/hci/controller/bluenrg_gap_aci.o
                0x08008656                aci_gap_init_IDB04A1
 .text.aci_gap_set_discoverable
                0x080086ea      0x1d4 ./Middlewares/ST/BlueNRG-MS/hci/controller/bluenrg_gap_aci.o
                0x080086ea                aci_gap_set_discoverable
 .text.aci_gap_set_auth_requirement
                0x080088be       0xae ./Middlewares/ST/BlueNRG-MS/hci/controller/bluenrg_gap_aci.o
                0x080088be                aci_gap_set_auth_requirement
 .text.aci_gap_update_adv_data
                0x0800896c       0xa2 ./Middlewares/ST/BlueNRG-MS/hci/controller/bluenrg_gap_aci.o
                0x0800896c                aci_gap_update_adv_data
 .text.aci_gatt_init
                0x08008a0e       0x46 ./Middlewares/ST/BlueNRG-MS/hci/controller/bluenrg_gatt_aci.o
                0x08008a0e                aci_gatt_init
 .text.aci_gatt_add_serv
                0x08008a54      0x112 ./Middlewares/ST/BlueNRG-MS/hci/controller/bluenrg_gatt_aci.o
                0x08008a54                aci_gatt_add_serv
 .text.aci_gatt_add_char
                0x08008b66      0x196 ./Middlewares/ST/BlueNRG-MS/hci/controller/bluenrg_gatt_aci.o
                0x08008b66                aci_gatt_add_char
 .text.aci_gatt_update_char_value
                0x08008cfc      0x120 ./Middlewares/ST/BlueNRG-MS/hci/controller/bluenrg_gatt_aci.o
                0x08008cfc                aci_gatt_update_char_value
 .text.aci_gatt_allow_read
                0x08008e1c       0x5a ./Middlewares/ST/BlueNRG-MS/hci/controller/bluenrg_gatt_aci.o
                0x08008e1c                aci_gatt_allow_read
 .text.aci_hal_read_config_data
                0x08008e76       0xaa ./Middlewares/ST/BlueNRG-MS/hci/controller/bluenrg_hal_aci.o
                0x08008e76                aci_hal_read_config_data
 .text.aci_hal_set_tx_power_level
                0x08008f20       0x62 ./Middlewares/ST/BlueNRG-MS/hci/controller/bluenrg_hal_aci.o
                0x08008f20                aci_hal_set_tx_power_level
 .text.getBlueNRGVersion
                0x08008f82       0x88 ./Middlewares/ST/BlueNRG-MS/hci/controller/bluenrg_utils_small.o
                0x08008f82                getBlueNRGVersion
 .text.hci_reset
                0x0800900a       0x44 ./Middlewares/ST/BlueNRG-MS/hci/hci_le.o
                0x0800900a                hci_reset
 .text.hci_le_read_local_version
                0x0800904e       0x94 ./Middlewares/ST/BlueNRG-MS/hci/hci_le.o
                0x0800904e                hci_le_read_local_version
 .text.hci_le_set_advertising_data
                0x080090e2       0x82 ./Middlewares/ST/BlueNRG-MS/hci/hci_le.o
                0x080090e2                hci_le_set_advertising_data
 .text.hci_le_set_scan_resp_data
                0x08009164       0x82 ./Middlewares/ST/BlueNRG-MS/hci/hci_le.o
                0x08009164                hci_le_set_scan_resp_data
 .text.verify_packet
                0x080091e6       0x40 ./Middlewares/ST/BlueNRG-MS/hci/hci_tl_patterns/Basic/hci_tl.o
 *fill*         0x08009226        0x2 
 .text.send_cmd
                0x08009228       0x80 ./Middlewares/ST/BlueNRG-MS/hci/hci_tl_patterns/Basic/hci_tl.o
 .text.move_list
                0x080092a8       0x38 ./Middlewares/ST/BlueNRG-MS/hci/hci_tl_patterns/Basic/hci_tl.o
 .text.free_event_list
                0x080092e0       0x3c ./Middlewares/ST/BlueNRG-MS/hci/hci_tl_patterns/Basic/hci_tl.o
 .text.hci_init
                0x0800931c       0x84 ./Middlewares/ST/BlueNRG-MS/hci/hci_tl_patterns/Basic/hci_tl.o
                0x0800931c                hci_init
 .text.hci_register_io_bus
                0x080093a0       0x40 ./Middlewares/ST/BlueNRG-MS/hci/hci_tl_patterns/Basic/hci_tl.o
                0x080093a0                hci_register_io_bus
 .text.hci_send_req
                0x080093e0      0x230 ./Middlewares/ST/BlueNRG-MS/hci/hci_tl_patterns/Basic/hci_tl.o
                0x080093e0                hci_send_req
 .text.hci_user_evt_proc
                0x08009610       0x58 ./Middlewares/ST/BlueNRG-MS/hci/hci_tl_patterns/Basic/hci_tl.o
                0x08009610                hci_user_evt_proc
 .text.hci_notify_asynch_evt
                0x08009668       0x9c ./Middlewares/ST/BlueNRG-MS/hci/hci_tl_patterns/Basic/hci_tl.o
                0x08009668                hci_notify_asynch_evt
 .text.list_init_head
                0x08009704       0x20 ./Middlewares/ST/BlueNRG-MS/utils/ble_list.o
                0x08009704                list_init_head
 .text.list_is_empty
                0x08009724       0x44 ./Middlewares/ST/BlueNRG-MS/utils/ble_list.o
                0x08009724                list_is_empty
 .text.list_insert_head
                0x08009768       0x4c ./Middlewares/ST/BlueNRG-MS/utils/ble_list.o
                0x08009768                list_insert_head
 .text.list_insert_tail
                0x080097b4       0x4c ./Middlewares/ST/BlueNRG-MS/utils/ble_list.o
                0x080097b4                list_insert_tail
 .text.list_remove_node
                0x08009800       0x42 ./Middlewares/ST/BlueNRG-MS/utils/ble_list.o
                0x08009800                list_remove_node
 .text.list_remove_head
                0x08009842       0x4e ./Middlewares/ST/BlueNRG-MS/utils/ble_list.o
                0x08009842                list_remove_head
 .text.list_remove_tail
                0x08009890       0x4e ./Middlewares/ST/BlueNRG-MS/utils/ble_list.o
                0x08009890                list_remove_tail
 .text.list_get_size
                0x080098de       0x50 ./Middlewares/ST/BlueNRG-MS/utils/ble_list.o
                0x080098de                list_get_size
 *fill*         0x0800992e        0x2 
 .text.__NVIC_SetPriority
                0x08009930       0x54 ./Middlewares/Third_Party/FreeRTOS/Source/CMSIS_RTOS_V2/cmsis_os2.o
 .text.SVC_Setup
                0x08009984       0x12 ./Middlewares/Third_Party/FreeRTOS/Source/CMSIS_RTOS_V2/cmsis_os2.o
 *fill*         0x08009996        0x2 
 .text.osKernelInitialize
                0x08009998       0x48 ./Middlewares/Third_Party/FreeRTOS/Source/CMSIS_RTOS_V2/cmsis_os2.o
                0x08009998                osKernelInitialize
 .text.osKernelStart
                0x080099e0       0x4c ./Middlewares/Third_Party/FreeRTOS/Source/CMSIS_RTOS_V2/cmsis_os2.o
                0x080099e0                osKernelStart
 .text.osThreadNew
                0x08009a2c      0x124 ./Middlewares/Third_Party/FreeRTOS/Source/CMSIS_RTOS_V2/cmsis_os2.o
                0x08009a2c                osThreadNew
 .text.osThreadYield
                0x08009b50       0x40 ./Middlewares/Third_Party/FreeRTOS/Source/CMSIS_RTOS_V2/cmsis_os2.o
                0x08009b50                osThreadYield
 .text.osDelay  0x08009b90       0x36 ./Middlewares/Third_Party/FreeRTOS/Source/CMSIS_RTOS_V2/cmsis_os2.o
                0x08009b90                osDelay
 .text.osMutexNew
                0x08009bc6      0x10c ./Middlewares/Third_Party/FreeRTOS/Source/CMSIS_RTOS_V2/cmsis_os2.o
                0x08009bc6                osMutexNew
 *fill*         0x08009cd2        0x2 
 .text.vApplicationGetIdleTaskMemory
                0x08009cd4       0x34 ./Middlewares/Third_Party/FreeRTOS/Source/CMSIS_RTOS_V2/cmsis_os2.o
                0x08009cd4                vApplicationGetIdleTaskMemory
 .text.vApplicationGetTimerTaskMemory
                0x08009d08       0x34 ./Middlewares/Third_Party/FreeRTOS/Source/CMSIS_RTOS_V2/cmsis_os2.o
                0x08009d08                vApplicationGetTimerTaskMemory
 .text.vListInitialise
                0x08009d3c       0x40 ./Middlewares/Third_Party/FreeRTOS/Source/list.o
                0x08009d3c                vListInitialise
 .text.vListInitialiseItem
                0x08009d7c       0x1a ./Middlewares/Third_Party/FreeRTOS/Source/list.o
                0x08009d7c                vListInitialiseItem
 .text.vListInsertEnd
                0x08009d96       0x48 ./Middlewares/Third_Party/FreeRTOS/Source/list.o
                0x08009d96                vListInsertEnd
 .text.vListInsert
                0x08009dde       0x72 ./Middlewares/Third_Party/FreeRTOS/Source/list.o
                0x08009dde                vListInsert
 .text.uxListRemove
                0x08009e50       0x54 ./Middlewares/Third_Party/FreeRTOS/Source/list.o
                0x08009e50                uxListRemove
 .text.xQueueGenericReset
                0x08009ea4       0xd4 ./Middlewares/Third_Party/FreeRTOS/Source/queue.o
                0x08009ea4                xQueueGenericReset
 .text.xQueueGenericCreateStatic
                0x08009f78       0xfa ./Middlewares/Third_Party/FreeRTOS/Source/queue.o
                0x08009f78                xQueueGenericCreateStatic
 .text.xQueueGenericCreate
                0x0800a072       0x76 ./Middlewares/Third_Party/FreeRTOS/Source/queue.o
                0x0800a072                xQueueGenericCreate
 .text.prvInitialiseNewQueue
                0x0800a0e8       0x46 ./Middlewares/Third_Party/FreeRTOS/Source/queue.o
 .text.prvInitialiseMutex
                0x0800a12e       0x34 ./Middlewares/Third_Party/FreeRTOS/Source/queue.o
 .text.xQueueCreateMutex
                0x0800a162       0x30 ./Middlewares/Third_Party/FreeRTOS/Source/queue.o
                0x0800a162                xQueueCreateMutex
 .text.xQueueCreateMutexStatic
                0x0800a192       0x36 ./Middlewares/Third_Party/FreeRTOS/Source/queue.o
                0x0800a192                xQueueCreateMutexStatic
 .text.xQueueGenericSend
                0x0800a1c8      0x204 ./Middlewares/Third_Party/FreeRTOS/Source/queue.o
                0x0800a1c8                xQueueGenericSend
 .text.xQueueGenericSendFromISR
                0x0800a3cc      0x13c ./Middlewares/Third_Party/FreeRTOS/Source/queue.o
                0x0800a3cc                xQueueGenericSendFromISR
 .text.xQueueReceive
                0x0800a508      0x1c4 ./Middlewares/Third_Party/FreeRTOS/Source/queue.o
                0x0800a508                xQueueReceive
 .text.prvCopyDataToQueue
                0x0800a6cc       0xd4 ./Middlewares/Third_Party/FreeRTOS/Source/queue.o
 .text.prvCopyDataFromQueue
                0x0800a7a0       0x4c ./Middlewares/Third_Party/FreeRTOS/Source/queue.o
 .text.prvUnlockQueue
                0x0800a7ec       0xa4 ./Middlewares/Third_Party/FreeRTOS/Source/queue.o
 .text.prvIsQueueEmpty
                0x0800a890       0x2c ./Middlewares/Third_Party/FreeRTOS/Source/queue.o
 .text.prvIsQueueFull
                0x0800a8bc       0x30 ./Middlewares/Third_Party/FreeRTOS/Source/queue.o
 .text.vQueueAddToRegistry
                0x0800a8ec       0x54 ./Middlewares/Third_Party/FreeRTOS/Source/queue.o
                0x0800a8ec                vQueueAddToRegistry
 .text.vQueueWaitForMessageRestricted
                0x0800a940       0x68 ./Middlewares/Third_Party/FreeRTOS/Source/queue.o
                0x0800a940                vQueueWaitForMessageRestricted
 .text.xTaskCreateStatic
                0x0800a9a8       0xc0 ./Middlewares/Third_Party/FreeRTOS/Source/tasks.o
                0x0800a9a8                xTaskCreateStatic
 .text.xTaskCreate
                0x0800aa68       0x8a ./Middlewares/Third_Party/FreeRTOS/Source/tasks.o
                0x0800aa68                xTaskCreate
 .text.prvInitialiseNewTask
                0x0800aaf2      0x120 ./Middlewares/Third_Party/FreeRTOS/Source/tasks.o
 *fill*         0x0800ac12        0x2 
 .text.prvAddNewTaskToReadyList
                0x0800ac14       0xe0 ./Middlewares/Third_Party/FreeRTOS/Source/tasks.o
 .text.vTaskDelay
                0x0800acf4       0x6c ./Middlewares/Third_Party/FreeRTOS/Source/tasks.o
                0x0800acf4                vTaskDelay
 .text.vTaskStartScheduler
                0x0800ad60       0xd0 ./Middlewares/Third_Party/FreeRTOS/Source/tasks.o
                0x0800ad60                vTaskStartScheduler
 .text.vTaskSuspendAll
                0x0800ae30       0x1c ./Middlewares/Third_Party/FreeRTOS/Source/tasks.o
                0x0800ae30                vTaskSuspendAll
 .text.xTaskResumeAll
                0x0800ae4c      0x13c ./Middlewares/Third_Party/FreeRTOS/Source/tasks.o
                0x0800ae4c                xTaskResumeAll
 .text.xTaskGetTickCount
                0x0800af88       0x20 ./Middlewares/Third_Party/FreeRTOS/Source/tasks.o
                0x0800af88                xTaskGetTickCount
 .text.xTaskIncrementTick
                0x0800afa8      0x174 ./Middlewares/Third_Party/FreeRTOS/Source/tasks.o
                0x0800afa8                xTaskIncrementTick
 .text.vTaskSwitchContext
                0x0800b11c       0xbc ./Middlewares/Third_Party/FreeRTOS/Source/tasks.o
                0x0800b11c                vTaskSwitchContext
 .text.vTaskPlaceOnEventList
                0x0800b1d8       0x4c ./Middlewares/Third_Party/FreeRTOS/Source/tasks.o
                0x0800b1d8                vTaskPlaceOnEventList
 .text.vTaskPlaceOnEventListRestricted
                0x0800b224       0x58 ./Middlewares/Third_Party/FreeRTOS/Source/tasks.o
                0x0800b224                vTaskPlaceOnEventListRestricted
 .text.xTaskRemoveFromEventList
                0x0800b27c       0xc8 ./Middlewares/Third_Party/FreeRTOS/Source/tasks.o
                0x0800b27c                xTaskRemoveFromEventList
 .text.vTaskInternalSetTimeOutState
                0x0800b344       0x2c ./Middlewares/Third_Party/FreeRTOS/Source/tasks.o
                0x0800b344                vTaskInternalSetTimeOutState
 .text.xTaskCheckForTimeOut
                0x0800b370       0xc8 ./Middlewares/Third_Party/FreeRTOS/Source/tasks.o
                0x0800b370                xTaskCheckForTimeOut
 .text.vTaskMissedYield
                0x0800b438       0x18 ./Middlewares/Third_Party/FreeRTOS/Source/tasks.o
                0x0800b438                vTaskMissedYield
 .text.prvIdleTask
                0x0800b450       0x30 ./Middlewares/Third_Party/FreeRTOS/Source/tasks.o
 .text.prvInitialiseTaskLists
                0x0800b480       0x80 ./Middlewares/Third_Party/FreeRTOS/Source/tasks.o
 .text.prvCheckTasksWaitingTermination
                0x0800b500       0x5c ./Middlewares/Third_Party/FreeRTOS/Source/tasks.o
 .text.prvDeleteTCB
                0x0800b55c       0x60 ./Middlewares/Third_Party/FreeRTOS/Source/tasks.o
 .text.prvResetNextTaskUnblockTime
                0x0800b5bc       0x40 ./Middlewares/Third_Party/FreeRTOS/Source/tasks.o
 .text.xTaskGetSchedulerState
                0x0800b5fc       0x3c ./Middlewares/Third_Party/FreeRTOS/Source/tasks.o
                0x0800b5fc                xTaskGetSchedulerState
 .text.xTaskPriorityDisinherit
                0x0800b638       0xe0 ./Middlewares/Third_Party/FreeRTOS/Source/tasks.o
                0x0800b638                xTaskPriorityDisinherit
 .text.prvAddCurrentTaskToDelayedList
                0x0800b718       0xa8 ./Middlewares/Third_Party/FreeRTOS/Source/tasks.o
 .text.xTimerCreateTimerTask
                0x0800b7c0       0x94 ./Middlewares/Third_Party/FreeRTOS/Source/timers.o
                0x0800b7c0                xTimerCreateTimerTask
 .text.xTimerGenericCommand
                0x0800b854       0x9c ./Middlewares/Third_Party/FreeRTOS/Source/timers.o
                0x0800b854                xTimerGenericCommand
 .text.prvProcessExpiredTimer
                0x0800b8f0       0x9c ./Middlewares/Third_Party/FreeRTOS/Source/timers.o
 .text.prvTimerTask
                0x0800b98c       0x26 ./Middlewares/Third_Party/FreeRTOS/Source/timers.o
 *fill*         0x0800b9b2        0x2 
 .text.prvProcessTimerOrBlockTask
                0x0800b9b4       0x9c ./Middlewares/Third_Party/FreeRTOS/Source/timers.o
 .text.prvGetNextExpireTime
                0x0800ba50       0x48 ./Middlewares/Third_Party/FreeRTOS/Source/timers.o
 .text.prvSampleTimeNow
                0x0800ba98       0x40 ./Middlewares/Third_Party/FreeRTOS/Source/timers.o
 .text.prvInsertTimerInActiveList
                0x0800bad8       0x84 ./Middlewares/Third_Party/FreeRTOS/Source/timers.o
 .text.prvProcessReceivedCommands
                0x0800bb5c      0x1cc ./Middlewares/Third_Party/FreeRTOS/Source/timers.o
 .text.prvSwitchTimerLists
                0x0800bd28       0xcc ./Middlewares/Third_Party/FreeRTOS/Source/timers.o
 .text.prvCheckForValidListAndQueue
                0x0800bdf4       0x80 ./Middlewares/Third_Party/FreeRTOS/Source/timers.o
 .text.pxPortInitialiseStack
                0x0800be74       0x68 ./Middlewares/Third_Party/FreeRTOS/Source/portable/GCC/ARM_CM4F/port.o
                0x0800be74                pxPortInitialiseStack
 .text.prvTaskExitError
                0x0800bedc       0x5c ./Middlewares/Third_Party/FreeRTOS/Source/portable/GCC/ARM_CM4F/port.o
 *fill*         0x0800bf38        0x8 
 .text.SVC_Handler
                0x0800bf40       0x28 ./Middlewares/Third_Party/FreeRTOS/Source/portable/GCC/ARM_CM4F/port.o
                0x0800bf40                SVC_Handler
 .text.prvPortStartFirstTask
                0x0800bf68       0x28 ./Middlewares/Third_Party/FreeRTOS/Source/portable/GCC/ARM_CM4F/port.o
 .text.xPortStartScheduler
                0x0800bf90      0x148 ./Middlewares/Third_Party/FreeRTOS/Source/portable/GCC/ARM_CM4F/port.o
                0x0800bf90                xPortStartScheduler
 .text.vPortEnterCritical
                0x0800c0d8       0x64 ./Middlewares/Third_Party/FreeRTOS/Source/portable/GCC/ARM_CM4F/port.o
                0x0800c0d8                vPortEnterCritical
 .text.vPortExitCritical
                0x0800c13c       0x54 ./Middlewares/Third_Party/FreeRTOS/Source/portable/GCC/ARM_CM4F/port.o
                0x0800c13c                vPortExitCritical
 .text.PendSV_Handler
                0x0800c190       0x68 ./Middlewares/Third_Party/FreeRTOS/Source/portable/GCC/ARM_CM4F/port.o
                0x0800c190                PendSV_Handler
 .text.xPortSysTickHandler
                0x0800c1f8       0x44 ./Middlewares/Third_Party/FreeRTOS/Source/portable/GCC/ARM_CM4F/port.o
                0x0800c1f8                xPortSysTickHandler
 .text.vPortSetupTimerInterrupt
                0x0800c23c       0x48 ./Middlewares/Third_Party/FreeRTOS/Source/portable/GCC/ARM_CM4F/port.o
                0x0800c23c                vPortSetupTimerInterrupt
 .text.vPortEnableVFP
                0x0800c284       0x14 ./Middlewares/Third_Party/FreeRTOS/Source/portable/GCC/ARM_CM4F/port.o
 .text.vPortValidateInterruptPriority
                0x0800c298       0x84 ./Middlewares/Third_Party/FreeRTOS/Source/portable/GCC/ARM_CM4F/port.o
                0x0800c298                vPortValidateInterruptPriority
 .text.pvPortMalloc
                0x0800c31c      0x19c ./Middlewares/Third_Party/FreeRTOS/Source/portable/MemMang/heap_4.o
                0x0800c31c                pvPortMalloc
 .text.vPortFree
                0x0800c4b8       0xc8 ./Middlewares/Third_Party/FreeRTOS/Source/portable/MemMang/heap_4.o
                0x0800c4b8                vPortFree
 .text.prvHeapInit
                0x0800c580       0xc4 ./Middlewares/Third_Party/FreeRTOS/Source/portable/MemMang/heap_4.o
 .text.prvInsertBlockIntoFreeList
                0x0800c644       0xb4 ./Middlewares/Third_Party/FreeRTOS/Source/portable/MemMang/heap_4.o
 .text.srand    0x0800c6f8       0x5c /Applications/STM32CubeIDE.app/Contents/Eclipse/plugins/com.st.stm32cube.ide.mcu.externaltools.gnu-tools-for-stm32.12.3.rel1.macos64_1.0.200.202406191456/tools/bin/../lib/gcc/arm-none-eabi/12.3.1/../../../../arm-none-eabi/lib/thumb/v7e-m+fp/hard/libc_nano.a(libc_a-rand.o)
                0x0800c6f8                srand
 .text.std      0x0800c754       0x6c /Applications/STM32CubeIDE.app/Contents/Eclipse/plugins/com.st.stm32cube.ide.mcu.externaltools.gnu-tools-for-stm32.12.3.rel1.macos64_1.0.200.202406191456/tools/bin/../lib/gcc/arm-none-eabi/12.3.1/../../../../arm-none-eabi/lib/thumb/v7e-m+fp/hard/libc_nano.a(libc_a-findfp.o)
 .text.stdio_exit_handler
                0x0800c7c0       0x18 /Applications/STM32CubeIDE.app/Contents/Eclipse/plugins/com.st.stm32cube.ide.mcu.externaltools.gnu-tools-for-stm32.12.3.rel1.macos64_1.0.200.202406191456/tools/bin/../lib/gcc/arm-none-eabi/12.3.1/../../../../arm-none-eabi/lib/thumb/v7e-m+fp/hard/libc_nano.a(libc_a-findfp.o)
 .text.cleanup_stdio
                0x0800c7d8       0x40 /Applications/STM32CubeIDE.app/Contents/Eclipse/plugins/com.st.stm32cube.ide.mcu.externaltools.gnu-tools-for-stm32.12.3.rel1.macos64_1.0.200.202406191456/tools/bin/../lib/gcc/arm-none-eabi/12.3.1/../../../../arm-none-eabi/lib/thumb/v7e-m+fp/hard/libc_nano.a(libc_a-findfp.o)
 .text.global_stdio_init.part.0
                0x0800c818       0x3c /Applications/STM32CubeIDE.app/Contents/Eclipse/plugins/com.st.stm32cube.ide.mcu.externaltools.gnu-tools-for-stm32.12.3.rel1.macos64_1.0.200.202406191456/tools/bin/../lib/gcc/arm-none-eabi/12.3.1/../../../../arm-none-eabi/lib/thumb/v7e-m+fp/hard/libc_nano.a(libc_a-findfp.o)
 .text.__sfp_lock_acquire
                0x0800c854        0xc /Applications/STM32CubeIDE.app/Contents/Eclipse/plugins/com.st.stm32cube.ide.mcu.externaltools.gnu-tools-for-stm32.12.3.rel1.macos64_1.0.200.202406191456/tools/bin/../lib/gcc/arm-none-eabi/12.3.1/../../../../arm-none-eabi/lib/thumb/v7e-m+fp/hard/libc_nano.a(libc_a-findfp.o)
                0x0800c854                __sfp_lock_acquire
 .text.__sfp_lock_release
                0x0800c860        0xc /Applications/STM32CubeIDE.app/Contents/Eclipse/plugins/com.st.stm32cube.ide.mcu.externaltools.gnu-tools-for-stm32.12.3.rel1.macos64_1.0.200.202406191456/tools/bin/../lib/gcc/arm-none-eabi/12.3.1/../../../../arm-none-eabi/lib/thumb/v7e-m+fp/hard/libc_nano.a(libc_a-findfp.o)
                0x0800c860                __sfp_lock_release
 .text.__sinit  0x0800c86c       0x30 /Applications/STM32CubeIDE.app/Contents/Eclipse/plugins/com.st.stm32cube.ide.mcu.externaltools.gnu-tools-for-stm32.12.3.rel1.macos64_1.0.200.202406191456/tools/bin/../lib/gcc/arm-none-eabi/12.3.1/../../../../arm-none-eabi/lib/thumb/v7e-m+fp/hard/libc_nano.a(libc_a-findfp.o)
                0x0800c86c                __sinit
 .text._fwalk_sglue
                0x0800c89c       0x3c /Applications/STM32CubeIDE.app/Contents/Eclipse/plugins/com.st.stm32cube.ide.mcu.externaltools.gnu-tools-for-stm32.12.3.rel1.macos64_1.0.200.202406191456/tools/bin/../lib/gcc/arm-none-eabi/12.3.1/../../../../arm-none-eabi/lib/thumb/v7e-m+fp/hard/libc_nano.a(libc_a-fwalk.o)
                0x0800c89c                _fwalk_sglue
 .text.memset   0x0800c8d8       0x10 /Applications/STM32CubeIDE.app/Contents/Eclipse/plugins/com.st.stm32cube.ide.mcu.externaltools.gnu-tools-for-stm32.12.3.rel1.macos64_1.0.200.202406191456/tools/bin/../lib/gcc/arm-none-eabi/12.3.1/../../../../arm-none-eabi/lib/thumb/v7e-m+fp/hard/libc_nano.a(libc_a-memset.o)
                0x0800c8d8                memset
 .text.__errno  0x0800c8e8        0xc /Applications/STM32CubeIDE.app/Contents/Eclipse/plugins/com.st.stm32cube.ide.mcu.externaltools.gnu-tools-for-stm32.12.3.rel1.macos64_1.0.200.202406191456/tools/bin/../lib/gcc/arm-none-eabi/12.3.1/../../../../arm-none-eabi/lib/thumb/v7e-m+fp/hard/libc_nano.a(libc_a-errno.o)
                0x0800c8e8                __errno
 .text.__libc_init_array
                0x0800c8f4       0x48 /Applications/STM32CubeIDE.app/Contents/Eclipse/plugins/com.st.stm32cube.ide.mcu.externaltools.gnu-tools-for-stm32.12.3.rel1.macos64_1.0.200.202406191456/tools/bin/../lib/gcc/arm-none-eabi/12.3.1/../../../../arm-none-eabi/lib/thumb/v7e-m+fp/hard/libc_nano.a(libc_a-init.o)
                0x0800c8f4                __libc_init_array
 .text.__retarget_lock_init_recursive
                0x0800c93c        0x2 /Applications/STM32CubeIDE.app/Contents/Eclipse/plugins/com.st.stm32cube.ide.mcu.externaltools.gnu-tools-for-stm32.12.3.rel1.macos64_1.0.200.202406191456/tools/bin/../lib/gcc/arm-none-eabi/12.3.1/../../../../arm-none-eabi/lib/thumb/v7e-m+fp/hard/libc_nano.a(libc_a-lock.o)
                0x0800c93c                __retarget_lock_init_recursive
 .text.__retarget_lock_acquire_recursive
                0x0800c93e        0x2 /Applications/STM32CubeIDE.app/Contents/Eclipse/plugins/com.st.stm32cube.ide.mcu.externaltools.gnu-tools-for-stm32.12.3.rel1.macos64_1.0.200.202406191456/tools/bin/../lib/gcc/arm-none-eabi/12.3.1/../../../../arm-none-eabi/lib/thumb/v7e-m+fp/hard/libc_nano.a(libc_a-lock.o)
                0x0800c93e                __retarget_lock_acquire_recursive
 .text.__retarget_lock_release_recursive
                0x0800c940        0x2 /Applications/STM32CubeIDE.app/Contents/Eclipse/plugins/com.st.stm32cube.ide.mcu.externaltools.gnu-tools-for-stm32.12.3.rel1.macos64_1.0.200.202406191456/tools/bin/../lib/gcc/arm-none-eabi/12.3.1/../../../../arm-none-eabi/lib/thumb/v7e-m+fp/hard/libc_nano.a(libc_a-lock.o)
                0x0800c940                __retarget_lock_release_recursive
 .text.memcpy   0x0800c942       0x1c /Applications/STM32CubeIDE.app/Contents/Eclipse/plugins/com.st.stm32cube.ide.mcu.externaltools.gnu-tools-for-stm32.12.3.rel1.macos64_1.0.200.202406191456/tools/bin/../lib/gcc/arm-none-eabi/12.3.1/../../../../arm-none-eabi/lib/thumb/v7e-m+fp/hard/libc_nano.a(libc_a-memcpy-stub.o)
                0x0800c942                memcpy
 *fill*         0x0800c95e        0x2 
 .text.__assert_func
                0x0800c960       0x3c /Applications/STM32CubeIDE.app/Contents/Eclipse/plugins/com.st.stm32cube.ide.mcu.externaltools.gnu-tools-for-stm32.12.3.rel1.macos64_1.0.200.202406191456/tools/bin/../lib/gcc/arm-none-eabi/12.3.1/../../../../arm-none-eabi/lib/thumb/v7e-m+fp/hard/libc_nano.a(libc_a-assert.o)
                0x0800c960                __assert_func
 .text.malloc   0x0800c99c       0x10 /Applications/STM32CubeIDE.app/Contents/Eclipse/plugins/com.st.stm32cube.ide.mcu.externaltools.gnu-tools-for-stm32.12.3.rel1.macos64_1.0.200.202406191456/tools/bin/../lib/gcc/arm-none-eabi/12.3.1/../../../../arm-none-eabi/lib/thumb/v7e-m+fp/hard/libc_nano.a(libc_a-malloc.o)
                0x0800c99c                malloc
 .text.sbrk_aligned
                0x0800c9ac       0x44 /Applications/STM32CubeIDE.app/Contents/Eclipse/plugins/com.st.stm32cube.ide.mcu.externaltools.gnu-tools-for-stm32.12.3.rel1.macos64_1.0.200.202406191456/tools/bin/../lib/gcc/arm-none-eabi/12.3.1/../../../../arm-none-eabi/lib/thumb/v7e-m+fp/hard/libc_nano.a(libc_a-mallocr.o)
 .text._malloc_r
                0x0800c9f0      0x100 /Applications/STM32CubeIDE.app/Contents/Eclipse/plugins/com.st.stm32cube.ide.mcu.externaltools.gnu-tools-for-stm32.12.3.rel1.macos64_1.0.200.202406191456/tools/bin/../lib/gcc/arm-none-eabi/12.3.1/../../../../arm-none-eabi/lib/thumb/v7e-m+fp/hard/libc_nano.a(libc_a-mallocr.o)
                0x0800c9f0                _malloc_r
 .text.__sflush_r
                0x0800caf0      0x108 /Applications/STM32CubeIDE.app/Contents/Eclipse/plugins/com.st.stm32cube.ide.mcu.externaltools.gnu-tools-for-stm32.12.3.rel1.macos64_1.0.200.202406191456/tools/bin/../lib/gcc/arm-none-eabi/12.3.1/../../../../arm-none-eabi/lib/thumb/v7e-m+fp/hard/libc_nano.a(libc_a-fflush.o)
                0x0800caf0                __sflush_r
 .text._fflush_r
                0x0800cbf8       0x50 /Applications/STM32CubeIDE.app/Contents/Eclipse/plugins/com.st.stm32cube.ide.mcu.externaltools.gnu-tools-for-stm32.12.3.rel1.macos64_1.0.200.202406191456/tools/bin/../lib/gcc/arm-none-eabi/12.3.1/../../../../arm-none-eabi/lib/thumb/v7e-m+fp/hard/libc_nano.a(libc_a-fflush.o)
                0x0800cbf8                _fflush_r
 .text.__malloc_lock
                0x0800cc48        0xc /Applications/STM32CubeIDE.app/Contents/Eclipse/plugins/com.st.stm32cube.ide.mcu.externaltools.gnu-tools-for-stm32.12.3.rel1.macos64_1.0.200.202406191456/tools/bin/../lib/gcc/arm-none-eabi/12.3.1/../../../../arm-none-eabi/lib/thumb/v7e-m+fp/hard/libc_nano.a(libc_a-mlock.o)
                0x0800cc48                __malloc_lock
 .text.__malloc_unlock
                0x0800cc54        0xc /Applications/STM32CubeIDE.app/Contents/Eclipse/plugins/com.st.stm32cube.ide.mcu.externaltools.gnu-tools-for-stm32.12.3.rel1.macos64_1.0.200.202406191456/tools/bin/../lib/gcc/arm-none-eabi/12.3.1/../../../../arm-none-eabi/lib/thumb/v7e-m+fp/hard/libc_nano.a(libc_a-mlock.o)
                0x0800cc54                __malloc_unlock
 .text.__sread  0x0800cc60       0x22 /Applications/STM32CubeIDE.app/Contents/Eclipse/plugins/com.st.stm32cube.ide.mcu.externaltools.gnu-tools-for-stm32.12.3.rel1.macos64_1.0.200.202406191456/tools/bin/../lib/gcc/arm-none-eabi/12.3.1/../../../../arm-none-eabi/lib/thumb/v7e-m+fp/hard/libc_nano.a(libc_a-stdio.o)
                0x0800cc60                __sread
 .text.__swrite
                0x0800cc82       0x38 /Applications/STM32CubeIDE.app/Contents/Eclipse/plugins/com.st.stm32cube.ide.mcu.externaltools.gnu-tools-for-stm32.12.3.rel1.macos64_1.0.200.202406191456/tools/bin/../lib/gcc/arm-none-eabi/12.3.1/../../../../arm-none-eabi/lib/thumb/v7e-m+fp/hard/libc_nano.a(libc_a-stdio.o)
                0x0800cc82                __swrite
 .text.__sseek  0x0800ccba       0x24 /Applications/STM32CubeIDE.app/Contents/Eclipse/plugins/com.st.stm32cube.ide.mcu.externaltools.gnu-tools-for-stm32.12.3.rel1.macos64_1.0.200.202406191456/tools/bin/../lib/gcc/arm-none-eabi/12.3.1/../../../../arm-none-eabi/lib/thumb/v7e-m+fp/hard/libc_nano.a(libc_a-stdio.o)
                0x0800ccba                __sseek
 .text.__sclose
                0x0800ccde        0x8 /Applications/STM32CubeIDE.app/Contents/Eclipse/plugins/com.st.stm32cube.ide.mcu.externaltools.gnu-tools-for-stm32.12.3.rel1.macos64_1.0.200.202406191456/tools/bin/../lib/gcc/arm-none-eabi/12.3.1/../../../../arm-none-eabi/lib/thumb/v7e-m+fp/hard/libc_nano.a(libc_a-stdio.o)
                0x0800ccde                __sclose
 *fill*         0x0800cce6        0x2 
 .text.fprintf  0x0800cce8       0x24 /Applications/STM32CubeIDE.app/Contents/Eclipse/plugins/com.st.stm32cube.ide.mcu.externaltools.gnu-tools-for-stm32.12.3.rel1.macos64_1.0.200.202406191456/tools/bin/../lib/gcc/arm-none-eabi/12.3.1/../../../../arm-none-eabi/lib/thumb/v7e-m+fp/hard/libc_nano.a(libc_a-fprintf.o)
                0x0800cce8                fprintf
                0x0800cce8                fiprintf
 .text._close_r
                0x0800cd0c       0x20 /Applications/STM32CubeIDE.app/Contents/Eclipse/plugins/com.st.stm32cube.ide.mcu.externaltools.gnu-tools-for-stm32.12.3.rel1.macos64_1.0.200.202406191456/tools/bin/../lib/gcc/arm-none-eabi/12.3.1/../../../../arm-none-eabi/lib/thumb/v7e-m+fp/hard/libc_nano.a(libc_a-closer.o)
                0x0800cd0c                _close_r
 .text._lseek_r
                0x0800cd2c       0x24 /Applications/STM32CubeIDE.app/Contents/Eclipse/plugins/com.st.stm32cube.ide.mcu.externaltools.gnu-tools-for-stm32.12.3.rel1.macos64_1.0.200.202406191456/tools/bin/../lib/gcc/arm-none-eabi/12.3.1/../../../../arm-none-eabi/lib/thumb/v7e-m+fp/hard/libc_nano.a(libc_a-lseekr.o)
                0x0800cd2c                _lseek_r
 .text._read_r  0x0800cd50       0x24 /Applications/STM32CubeIDE.app/Contents/Eclipse/plugins/com.st.stm32cube.ide.mcu.externaltools.gnu-tools-for-stm32.12.3.rel1.macos64_1.0.200.202406191456/tools/bin/../lib/gcc/arm-none-eabi/12.3.1/../../../../arm-none-eabi/lib/thumb/v7e-m+fp/hard/libc_nano.a(libc_a-readr.o)
                0x0800cd50                _read_r
 .text._sbrk_r  0x0800cd74       0x20 /Applications/STM32CubeIDE.app/Contents/Eclipse/plugins/com.st.stm32cube.ide.mcu.externaltools.gnu-tools-for-stm32.12.3.rel1.macos64_1.0.200.202406191456/tools/bin/../lib/gcc/arm-none-eabi/12.3.1/../../../../arm-none-eabi/lib/thumb/v7e-m+fp/hard/libc_nano.a(libc_a-sbrkr.o)
                0x0800cd74                _sbrk_r
 .text._write_r
                0x0800cd94       0x24 /Applications/STM32CubeIDE.app/Contents/Eclipse/plugins/com.st.stm32cube.ide.mcu.externaltools.gnu-tools-for-stm32.12.3.rel1.macos64_1.0.200.202406191456/tools/bin/../lib/gcc/arm-none-eabi/12.3.1/../../../../arm-none-eabi/lib/thumb/v7e-m+fp/hard/libc_nano.a(libc_a-writer.o)
                0x0800cd94                _write_r
 .text.abort    0x0800cdb8        0xe /Applications/STM32CubeIDE.app/Contents/Eclipse/plugins/com.st.stm32cube.ide.mcu.externaltools.gnu-tools-for-stm32.12.3.rel1.macos64_1.0.200.202406191456/tools/bin/../lib/gcc/arm-none-eabi/12.3.1/../../../../arm-none-eabi/lib/thumb/v7e-m+fp/hard/libc_nano.a(libc_a-abort.o)
                0x0800cdb8                abort
 *fill*         0x0800cdc6        0x2 
 .text._free_r  0x0800cdc8       0x94 /Applications/STM32CubeIDE.app/Contents/Eclipse/plugins/com.st.stm32cube.ide.mcu.externaltools.gnu-tools-for-stm32.12.3.rel1.macos64_1.0.200.202406191456/tools/bin/../lib/gcc/arm-none-eabi/12.3.1/../../../../arm-none-eabi/lib/thumb/v7e-m+fp/hard/libc_nano.a(libc_a-freer.o)
                0x0800cdc8                _free_r
 .text.__sfputc_r
                0x0800ce5c       0x2e /Applications/STM32CubeIDE.app/Contents/Eclipse/plugins/com.st.stm32cube.ide.mcu.externaltools.gnu-tools-for-stm32.12.3.rel1.macos64_1.0.200.202406191456/tools/bin/../lib/gcc/arm-none-eabi/12.3.1/../../../../arm-none-eabi/lib/thumb/v7e-m+fp/hard/libc_nano.a(libc_a-nano-vfprintf.o)
 .text.__sfputs_r
                0x0800ce8a       0x24 /Applications/STM32CubeIDE.app/Contents/Eclipse/plugins/com.st.stm32cube.ide.mcu.externaltools.gnu-tools-for-stm32.12.3.rel1.macos64_1.0.200.202406191456/tools/bin/../lib/gcc/arm-none-eabi/12.3.1/../../../../arm-none-eabi/lib/thumb/v7e-m+fp/hard/libc_nano.a(libc_a-nano-vfprintf.o)
                0x0800ce8a                __sfputs_r
 *fill*         0x0800ceae        0x2 
 .text._vfprintf_r
                0x0800ceb0      0x230 /Applications/STM32CubeIDE.app/Contents/Eclipse/plugins/com.st.stm32cube.ide.mcu.externaltools.gnu-tools-for-stm32.12.3.rel1.macos64_1.0.200.202406191456/tools/bin/../lib/gcc/arm-none-eabi/12.3.1/../../../../arm-none-eabi/lib/thumb/v7e-m+fp/hard/libc_nano.a(libc_a-nano-vfprintf.o)
                0x0800ceb0                _vfiprintf_r
                0x0800ceb0                _vfprintf_r
 .text._printf_common
                0x0800d0e0       0xda /Applications/STM32CubeIDE.app/Contents/Eclipse/plugins/com.st.stm32cube.ide.mcu.externaltools.gnu-tools-for-stm32.12.3.rel1.macos64_1.0.200.202406191456/tools/bin/../lib/gcc/arm-none-eabi/12.3.1/../../../../arm-none-eabi/lib/thumb/v7e-m+fp/hard/libc_nano.a(libc_a-nano-vfprintf_i.o)
                0x0800d0e0                _printf_common
 *fill*         0x0800d1ba        0x2 
 .text._printf_i
                0x0800d1bc      0x240 /Applications/STM32CubeIDE.app/Contents/Eclipse/plugins/com.st.stm32cube.ide.mcu.externaltools.gnu-tools-for-stm32.12.3.rel1.macos64_1.0.200.202406191456/tools/bin/../lib/gcc/arm-none-eabi/12.3.1/../../../../arm-none-eabi/lib/thumb/v7e-m+fp/hard/libc_nano.a(libc_a-nano-vfprintf_i.o)
                0x0800d1bc                _printf_i
 .text.__swbuf_r
                0x0800d3fc       0x7c /Applications/STM32CubeIDE.app/Contents/Eclipse/plugins/com.st.stm32cube.ide.mcu.externaltools.gnu-tools-for-stm32.12.3.rel1.macos64_1.0.200.202406191456/tools/bin/../lib/gcc/arm-none-eabi/12.3.1/../../../../arm-none-eabi/lib/thumb/v7e-m+fp/hard/libc_nano.a(libc_a-wbuf.o)
                0x0800d3fc                __swbuf_r
 .text.__swsetup_r
                0x0800d478       0xac /Applications/STM32CubeIDE.app/Contents/Eclipse/plugins/com.st.stm32cube.ide.mcu.externaltools.gnu-tools-for-stm32.12.3.rel1.macos64_1.0.200.202406191456/tools/bin/../lib/gcc/arm-none-eabi/12.3.1/../../../../arm-none-eabi/lib/thumb/v7e-m+fp/hard/libc_nano.a(libc_a-wsetup.o)
                0x0800d478                __swsetup_r
 .text.__swhatbuf_r
                0x0800d524       0x4c /Applications/STM32CubeIDE.app/Contents/Eclipse/plugins/com.st.stm32cube.ide.mcu.externaltools.gnu-tools-for-stm32.12.3.rel1.macos64_1.0.200.202406191456/tools/bin/../lib/gcc/arm-none-eabi/12.3.1/../../../../arm-none-eabi/lib/thumb/v7e-m+fp/hard/libc_nano.a(libc_a-makebuf.o)
                0x0800d524                __swhatbuf_r
 .text.__smakebuf_r
                0x0800d570       0x78 /Applications/STM32CubeIDE.app/Contents/Eclipse/plugins/com.st.stm32cube.ide.mcu.externaltools.gnu-tools-for-stm32.12.3.rel1.macos64_1.0.200.202406191456/tools/bin/../lib/gcc/arm-none-eabi/12.3.1/../../../../arm-none-eabi/lib/thumb/v7e-m+fp/hard/libc_nano.a(libc_a-makebuf.o)
                0x0800d570                __smakebuf_r
 .text._fstat_r
                0x0800d5e8       0x24 /Applications/STM32CubeIDE.app/Contents/Eclipse/plugins/com.st.stm32cube.ide.mcu.externaltools.gnu-tools-for-stm32.12.3.rel1.macos64_1.0.200.202406191456/tools/bin/../lib/gcc/arm-none-eabi/12.3.1/../../../../arm-none-eabi/lib/thumb/v7e-m+fp/hard/libc_nano.a(libc_a-fstatr.o)
                0x0800d5e8                _fstat_r
 .text._isatty_r
                0x0800d60c       0x20 /Applications/STM32CubeIDE.app/Contents/Eclipse/plugins/com.st.stm32cube.ide.mcu.externaltools.gnu-tools-for-stm32.12.3.rel1.macos64_1.0.200.202406191456/tools/bin/../lib/gcc/arm-none-eabi/12.3.1/../../../../arm-none-eabi/lib/thumb/v7e-m+fp/hard/libc_nano.a(libc_a-isattyr.o)
                0x0800d60c                _isatty_r
 .text._raise_r
                0x0800d62c       0x50 /Applications/STM32CubeIDE.app/Contents/Eclipse/plugins/com.st.stm32cube.ide.mcu.externaltools.gnu-tools-for-stm32.12.3.rel1.macos64_1.0.200.202406191456/tools/bin/../lib/gcc/arm-none-eabi/12.3.1/../../../../arm-none-eabi/lib/thumb/v7e-m+fp/hard/libc_nano.a(libc_a-signal.o)
                0x0800d62c                _raise_r
 .text.raise    0x0800d67c       0x10 /Applications/STM32CubeIDE.app/Contents/Eclipse/plugins/com.st.stm32cube.ide.mcu.externaltools.gnu-tools-for-stm32.12.3.rel1.macos64_1.0.200.202406191456/tools/bin/../lib/gcc/arm-none-eabi/12.3.1/../../../../arm-none-eabi/lib/thumb/v7e-m+fp/hard/libc_nano.a(libc_a-signal.o)
                0x0800d67c                raise
 .text._kill_r  0x0800d68c       0x24 /Applications/STM32CubeIDE.app/Contents/Eclipse/plugins/com.st.stm32cube.ide.mcu.externaltools.gnu-tools-for-stm32.12.3.rel1.macos64_1.0.200.202406191456/tools/bin/../lib/gcc/arm-none-eabi/12.3.1/../../../../arm-none-eabi/lib/thumb/v7e-m+fp/hard/libc_nano.a(libc_a-signalr.o)
                0x0800d68c                _kill_r
 .text._getpid_r
                0x0800d6b0        0x4 /Applications/STM32CubeIDE.app/Contents/Eclipse/plugins/com.st.stm32cube.ide.mcu.externaltools.gnu-tools-for-stm32.12.3.rel1.macos64_1.0.200.202406191456/tools/bin/../lib/gcc/arm-none-eabi/12.3.1/../../../../arm-none-eabi/lib/thumb/v7e-m+fp/hard/libc_nano.a(libc_a-signalr.o)
                0x0800d6b0                _getpid_r
 *(.glue_7)
 .glue_7        0x0800d6b4        0x0 linker stubs
 *(.glue_7t)
 .glue_7t       0x0800d6b4        0x0 linker stubs
 *(.eh_frame)
 .eh_frame      0x0800d6b4        0x0 /Applications/STM32CubeIDE.app/Contents/Eclipse/plugins/com.st.stm32cube.ide.mcu.externaltools.gnu-tools-for-stm32.12.3.rel1.macos64_1.0.200.202406191456/tools/bin/../lib/gcc/arm-none-eabi/12.3.1/thumb/v7e-m+fp/hard/crtbegin.o
 *(.init)
 .init          0x0800d6b4        0x4 /Applications/STM32CubeIDE.app/Contents/Eclipse/plugins/com.st.stm32cube.ide.mcu.externaltools.gnu-tools-for-stm32.12.3.rel1.macos64_1.0.200.202406191456/tools/bin/../lib/gcc/arm-none-eabi/12.3.1/thumb/v7e-m+fp/hard/crti.o
                0x0800d6b4                _init
 .init          0x0800d6b8        0x8 /Applications/STM32CubeIDE.app/Contents/Eclipse/plugins/com.st.stm32cube.ide.mcu.externaltools.gnu-tools-for-stm32.12.3.rel1.macos64_1.0.200.202406191456/tools/bin/../lib/gcc/arm-none-eabi/12.3.1/thumb/v7e-m+fp/hard/crtn.o
 *(.fini)
 .fini          0x0800d6c0        0x4 /Applications/STM32CubeIDE.app/Contents/Eclipse/plugins/com.st.stm32cube.ide.mcu.externaltools.gnu-tools-for-stm32.12.3.rel1.macos64_1.0.200.202406191456/tools/bin/../lib/gcc/arm-none-eabi/12.3.1/thumb/v7e-m+fp/hard/crti.o
                0x0800d6c0                _fini
 .fini          0x0800d6c4        0x8 /Applications/STM32CubeIDE.app/Contents/Eclipse/plugins/com.st.stm32cube.ide.mcu.externaltools.gnu-tools-for-stm32.12.3.rel1.macos64_1.0.200.202406191456/tools/bin/../lib/gcc/arm-none-eabi/12.3.1/thumb/v7e-m+fp/hard/crtn.o
                0x0800d6cc                        . = ALIGN (0x4)
                0x0800d6cc                        _etext = .

.vfp11_veneer   0x0800d6cc        0x0
 .vfp11_veneer  0x0800d6cc        0x0 linker stubs

.v4_bx          0x0800d6cc        0x0
 .v4_bx         0x0800d6cc        0x0 linker stubs

.iplt           0x0800d6cc        0x0
 .iplt          0x0800d6cc        0x0 /Applications/STM32CubeIDE.app/Contents/Eclipse/plugins/com.st.stm32cube.ide.mcu.externaltools.gnu-tools-for-stm32.12.3.rel1.macos64_1.0.200.202406191456/tools/bin/../lib/gcc/arm-none-eabi/12.3.1/thumb/v7e-m+fp/hard/crtbegin.o

.rodata         0x0800d6cc      0x204
                0x0800d6cc                        . = ALIGN (0x4)
 *(.rodata)
 .rodata        0x0800d6cc       0x1a ./BlueNRG_MS/App/app_bluenrg_ms.o
 *fill*         0x0800d6e6        0x2 
 .rodata        0x0800d6e8        0x8 ./BlueNRG_MS/App/sensor.o
 .rodata        0x0800d6f0        0xd ./BlueNRG_MS/Target/hci_tl_interface.o
 *fill*         0x0800d6fd        0x3 
 .rodata        0x0800d700       0x22 ./Core/Src/main.o
 *fill*         0x0800d722        0x2 
 .rodata        0x0800d724        0x5 ./Middlewares/Third_Party/FreeRTOS/Source/tasks.o
 *fill*         0x0800d729        0x3 
 .rodata        0x0800d72c        0xd ./Middlewares/Third_Party/FreeRTOS/Source/timers.o
 *(.rodata*)
 *fill*         0x0800d739        0x3 
 .rodata.TASK_BLE_attributes
                0x0800d73c       0x24 ./Core/Src/main.o
                0x0800d73c                TASK_BLE_attributes
 .rodata.TASK_ACC_attributes
                0x0800d760       0x24 ./Core/Src/main.o
                0x0800d760                TASK_ACC_attributes
 .rodata.myMutex01_attributes
                0x0800d784       0x10 ./Core/Src/main.o
                0x0800d784                myMutex01_attributes
 .rodata.AHBPrescTable
                0x0800d794       0x10 ./Core/Src/system_stm32l4xx.o
                0x0800d794                AHBPrescTable
 .rodata.APBPrescTable
                0x0800d7a4        0x8 ./Core/Src/system_stm32l4xx.o
                0x0800d7a4                APBPrescTable
 .rodata.MSIRangeTable
                0x0800d7ac       0x30 ./Core/Src/system_stm32l4xx.o
                0x0800d7ac                MSIRangeTable
 .rodata.LedGpioInit.4
                0x0800d7dc        0x4 ./Drivers/BSP/B-L475E-IOT01A2/b_l475e_iot01a2.o
 .rodata.ButtonGpioInit.3
                0x0800d7e0        0x4 ./Drivers/BSP/B-L475E-IOT01A2/b_l475e_iot01a2.o
 .rodata.BUTTON_EXTI_LINE.2
                0x0800d7e4        0x4 ./Drivers/BSP/B-L475E-IOT01A2/b_l475e_iot01a2.o
 .rodata.ButtonCallback.1
                0x0800d7e8        0x4 ./Drivers/BSP/B-L475E-IOT01A2/b_l475e_iot01a2.o
 .rodata.BSP_BUTTON_PRIO.0
                0x0800d7ec        0x4 ./Drivers/BSP/B-L475E-IOT01A2/b_l475e_iot01a2.o
 .rodata.srand.str1.1
                0x0800d7f0       0x6f /Applications/STM32CubeIDE.app/Contents/Eclipse/plugins/com.st.stm32cube.ide.mcu.externaltools.gnu-tools-for-stm32.12.3.rel1.macos64_1.0.200.202406191456/tools/bin/../lib/gcc/arm-none-eabi/12.3.1/../../../../arm-none-eabi/lib/thumb/v7e-m+fp/hard/libc_nano.a(libc_a-rand.o)
 .rodata.__assert_func.str1.1
                0x0800d85f       0x3c /Applications/STM32CubeIDE.app/Contents/Eclipse/plugins/com.st.stm32cube.ide.mcu.externaltools.gnu-tools-for-stm32.12.3.rel1.macos64_1.0.200.202406191456/tools/bin/../lib/gcc/arm-none-eabi/12.3.1/../../../../arm-none-eabi/lib/thumb/v7e-m+fp/hard/libc_nano.a(libc_a-assert.o)
                                 0x3d (size before relaxing)
 .rodata._vfprintf_r.str1.1
                0x0800d89b       0x11 /Applications/STM32CubeIDE.app/Contents/Eclipse/plugins/com.st.stm32cube.ide.mcu.externaltools.gnu-tools-for-stm32.12.3.rel1.macos64_1.0.200.202406191456/tools/bin/../lib/gcc/arm-none-eabi/12.3.1/../../../../arm-none-eabi/lib/thumb/v7e-m+fp/hard/libc_nano.a(libc_a-nano-vfprintf.o)
 .rodata._printf_i.str1.1
                0x0800d8ac       0x22 /Applications/STM32CubeIDE.app/Contents/Eclipse/plugins/com.st.stm32cube.ide.mcu.externaltools.gnu-tools-for-stm32.12.3.rel1.macos64_1.0.200.202406191456/tools/bin/../lib/gcc/arm-none-eabi/12.3.1/../../../../arm-none-eabi/lib/thumb/v7e-m+fp/hard/libc_nano.a(libc_a-nano-vfprintf_i.o)
                0x0800d8d0                        . = ALIGN (0x4)
 *fill*         0x0800d8ce        0x2 

.ARM.extab      0x0800d8d0        0x0
                0x0800d8d0                        . = ALIGN (0x4)
 *(.ARM.extab* .gnu.linkonce.armextab.*)
                0x0800d8d0                        . = ALIGN (0x4)

.ARM            0x0800d8d0        0x8
                0x0800d8d0                        . = ALIGN (0x4)
                0x0800d8d0                        __exidx_start = .
 *(.ARM.exidx*)
 .ARM.exidx     0x0800d8d0        0x8 /Applications/STM32CubeIDE.app/Contents/Eclipse/plugins/com.st.stm32cube.ide.mcu.externaltools.gnu-tools-for-stm32.12.3.rel1.macos64_1.0.200.202406191456/tools/bin/../lib/gcc/arm-none-eabi/12.3.1/../../../../arm-none-eabi/lib/thumb/v7e-m+fp/hard/libc_nano.a(libc_a-strlen.o)
 .ARM.exidx     0x0800d8d8        0x0 /Applications/STM32CubeIDE.app/Contents/Eclipse/plugins/com.st.stm32cube.ide.mcu.externaltools.gnu-tools-for-stm32.12.3.rel1.macos64_1.0.200.202406191456/tools/bin/../lib/gcc/arm-none-eabi/12.3.1/../../../../arm-none-eabi/lib/thumb/v7e-m+fp/hard/libc_nano.a(libc_a-memchr.o)
                                  0x8 (size before relaxing)
 .ARM.exidx     0x0800d8d8        0x0 /Applications/STM32CubeIDE.app/Contents/Eclipse/plugins/com.st.stm32cube.ide.mcu.externaltools.gnu-tools-for-stm32.12.3.rel1.macos64_1.0.200.202406191456/tools/bin/../lib/gcc/arm-none-eabi/12.3.1/thumb/v7e-m+fp/hard/libgcc.a(_udivmoddi4.o)
                                  0x8 (size before relaxing)
                0x0800d8d8                        __exidx_end = .
                0x0800d8d8                        . = ALIGN (0x4)

.preinit_array  0x0800d8d8        0x0
                0x0800d8d8                        . = ALIGN (0x4)
                0x0800d8d8                        PROVIDE (__preinit_array_start = .)
 *(.preinit_array*)
                0x0800d8d8                        PROVIDE (__preinit_array_end = .)
                0x0800d8d8                        . = ALIGN (0x4)

.init_array     0x0800d8d8        0x4
                0x0800d8d8                        . = ALIGN (0x4)
                0x0800d8d8                        PROVIDE (__init_array_start = .)
 *(SORT_BY_NAME(.init_array.*))
 *(.init_array*)
 .init_array    0x0800d8d8        0x4 /Applications/STM32CubeIDE.app/Contents/Eclipse/plugins/com.st.stm32cube.ide.mcu.externaltools.gnu-tools-for-stm32.12.3.rel1.macos64_1.0.200.202406191456/tools/bin/../lib/gcc/arm-none-eabi/12.3.1/thumb/v7e-m+fp/hard/crtbegin.o
                0x0800d8dc                        PROVIDE (__init_array_end = .)
                0x0800d8dc                        . = ALIGN (0x4)

.fini_array     0x0800d8dc        0x4
                0x0800d8dc                        . = ALIGN (0x4)
                [!provide]                        PROVIDE (__fini_array_start = .)
 *(SORT_BY_NAME(.fini_array.*))
 *(.fini_array*)
 .fini_array    0x0800d8dc        0x4 /Applications/STM32CubeIDE.app/Contents/Eclipse/plugins/com.st.stm32cube.ide.mcu.externaltools.gnu-tools-for-stm32.12.3.rel1.macos64_1.0.200.202406191456/tools/bin/../lib/gcc/arm-none-eabi/12.3.1/thumb/v7e-m+fp/hard/crtbegin.o
                [!provide]                        PROVIDE (__fini_array_end = .)
                0x0800d8e0                        . = ALIGN (0x4)
                0x0800d8e0                        _sidata = LOADADDR (.data)

.rel.dyn        0x0800d8e0        0x0